2020-07-31,2022-03-02,2005-02-12,2014-12-01,2026-03-27,2025-02-05,2021-06-19,2016-11-27,2024-09-05,2019-05-13
