Here is the JSON output:

```
{
  "Cap": false,
  "Floor": false,
  "FirstLegType": "Floating",
  "SecondLegType": "Fixed"
}
```

Let me know if you need any further assistance!
Here is the JSON output:

```
{
  "Cap": false,
  "Floor": false,
  "FirstLegType": "Floating",
  "SecondLegType": "Fixed"
}
```

Let me know if you need any further assistance!
Here is the JSON output:

```
{
  "Cap": false,
  "Floor": false,
  "FirstLegType": "Floating",
  "SecondLegType": "Fixed"
}
```

Let me know if you need any further assistance!
Here is the JSON output:

```
{
  "Cap": false,
  "Floor": false,
  "FirstLegType": "Floating",
  "SecondLegType": "Fixed"
}
```

Let me know if you need any further assistance!
Here is the JSON output:

```
{
  "Cap": false,
  "Floor": false,
  "FirstLegType": "Floating",
  "SecondLegType": "Fixed"
}
```
Here is the JSON output:

```
{
  "Cap": false,
  "Floor": false,
  "FirstLegType": "Floating",
  "SecondLegType": "Fixed"
}
```

Let me know if you need any further assistance!
Here is the JSON output:

```
{
  "Cap": false,
  "Floor": false,
  "FirstLegType": "Floating",
  "SecondLegType": "Fixed"
}
```

Let me know if you need any further assistance!
Here is the JSON output:

```
{
  "Cap": false,
  "Floor": false,
  "FirstLegType": "Floating",
  "SecondLegType": "Fixed"
}
```

Let me know if you need any further assistance!
Here is the JSON output:

```
{
  "Cap": false,
  "Floor": false,
  "FirstLegType": "Floating",
  "SecondLegType": "Fixed"
}
```
Here is the JSON output:

```
{
  "Cap": false,
  "Floor": false,
  "FirstLegType": "Floating",
  "SecondLegType": "Fixed"
}
```

Let me know if you need any further assistance!
Here is the JSON output:

```
{
  "Cap": false,
  "Floor": false,
  "FirstLegType": "Floating",
  "SecondLegType": "Fixed"
}
```

Let me know if you need any further assistance!
Here is the JSON output:

```
{
  "Cap": false,
  "Floor": false,
  "FirstLegType": "Floating",
  "SecondLegType": "Fixed"
}
```

Let me know if you need any further assistance!
Here is the JSON output:

```
{
  "Cap": false,
  "Floor": false,
  "FirstLegType": "Floating",
  "SecondLegType": "Fixed"
}
```

Let me know if you need any further assistance!
Here is the JSON output:

```
{
  "Cap": false,
  "Floor": false,
  "FirstLegType": "Floating",
  "SecondLegType": "Fixed"
}
```

Let me know if you need any further assistance!
Here is the JSON output:

```
{
  "Cap": false,
  "Floor": false,
  "FirstLegType": "Floating",
  "SecondLegType": "Fixed"
}
```
Here is the JSON output:

```
{
  "Cap": false,
  "Floor": false,
  "FirstLegType": "Floating",
  "SecondLegType": "Fixed"
}
```
Here is the JSON output:

```
{
  "Cap": false,
  "Floor": false,
  "FirstLegType": "Floating",
  "SecondLegType": "Fixed"
}
```

Let me know if you need any further assistance!
Here is the JSON output:

```
{
  "Cap": false,
  "Floor": false,
  "FirstLegType": "Floating",
  "SecondLegType": "Fixed"
}
```

Let me know if you need any further assistance!
Here is the JSON output:

```
{
  "Cap": false,
  "Floor": false,
  "FirstLegType": "Floating",
  "SecondLegType": "Fixed"
}
```

Let me know if you need any further assistance!
Here is the JSON output:

```
{
  "Cap": false,
  "Floor": false,
  "FirstLegType": "Floating",
  "SecondLegType": "Fixed"
}
```

Let me know if you need any further assistance!
Here is the JSON output:

```
{
  "Cap": false,
  "Floor": false,
  "FirstLegType": "Floating",
  "SecondLegType": "Fixed"
}
```

Let me know if you need any further assistance!
Here is the JSON output:

```
{
  "Cap": false,
  "Floor": false,
  "FirstLegType": "Floating",
  "SecondLegType": "Fixed"
}
```

Let me know if you need any further assistance!
Here is the JSON output:

```
{
  "Cap": false,
  "Floor": false,
  "FirstLegType": "Floating",
  "SecondLegType": "Fixed"
}
```

Let me know if you need any further assistance!
Here is the JSON output:

```
{
  "Cap": false,
  "Floor": false,
  "FirstLegType": "Floating",
  "SecondLegType": "Fixed"
}
```

Let me know if you need any further assistance!
Here is the JSON output:

```
{
  "Cap": false,
  "Floor": false,
  "FirstLegType": "Floating",
  "SecondLegType": "Fixed"
}
```

Let me know if you need any further assistance!
Here is the JSON output:

```
{
  "Cap": false,
  "Floor": false,
  "FirstLegType": "Floating",
  "SecondLegType": "Fixed"
}
```

Let me know if you need any further assistance!
Here is the JSON output:

```
{
  "Cap": false,
  "Floor": false,
  "FirstLegType": "Floating",
  "SecondLegType": "Fixed"
}
```

Let me know if you need any further assistance!
Here is the JSON output:

```
{
  "Cap": false,
  "Floor": false,
  "FirstLegType": "Floating",
  "SecondLegType": "Fixed"
}
```

Let me know if you need any further assistance!
Here is the JSON output:

```
{
  "Cap": false,
  "Floor": false,
  "FirstLegType": "Floating",
  "SecondLegType": "Fixed"
}
```

Let me know if you need any further assistance!
Here is the JSON output:

```
{
  "Cap": false,
  "Floor": false,
  "FirstLegType": "Floating",
  "SecondLegType": "Fixed"
}
```

Let me know if you need any further assistance!
Here is the JSON output:

```
{
  "Cap": false,
  "Floor": false,
  "FirstLegType": "Floating",
  "SecondLegType": "Fixed"
}
```

Let me know if you need any further assistance!
Here is the JSON output:

```
{
  "Cap": false,
  "Floor": false,
  "FirstLegType": "Floating",
  "SecondLegType": "Fixed"
}
```

Let me know if you need any further assistance!
Here is the JSON output:

```
{
  "Cap": false,
  "Floor": false,
  "FirstLegType": "Floating",
  "SecondLegType": "Fixed"
}
```
Here is the JSON output:

```
{
  "Cap": false,
  "Floor": false,
  "FirstLegType": "Floating",
  "SecondLegType": "Fixed"
}
```
Here is the JSON output:

```
{
  "Cap": false,
  "Floor": false,
  "FirstLegType": "Floating",
  "SecondLegType": "Fixed"
}
```

Let me know if you need any further assistance!
Here is the JSON output:

```
{
  "Cap": false,
  "Floor": false,
  "FirstLegType": "Floating",
  "SecondLegType": "Fixed"
}
```

Let me know if you need any further assistance!
Here is the JSON output:

```
{
  "Cap": false,
  "Floor": false,
  "FirstLegType": "Floating",
  "SecondLegType": "Fixed"
}
```
Here is the JSON output:

```
{
  "Cap": false,
  "Floor": false,
  "FirstLegType": "Floating",
  "SecondLegType": "Fixed"
}
```
Here is the JSON output:

```
{
  "Cap": false,
  "Floor": false,
  "FirstLegType": "Floating",
  "SecondLegType": "Fixed"
}
```

Let me know if you need any further assistance!
Here is the JSON output:

```
{
  "Cap": false,
  "Floor": false,
  "FirstLegType": "Floating",
  "SecondLegType": "Fixed"
}
```
Here is the JSON output:

```
{
  "Cap": false,
  "Floor": false,
  "FirstLegType": "Floating",
  "SecondLegType": "Fixed"
}
```

Let me know if you need any further assistance!
Here is the JSON output:

```
{
  "Cap": false,
  "Floor": false,
  "FirstLegType": "Floating",
  "SecondLegType": "Fixed"
}
```

Let me know if you need any further assistance!
Here is the JSON output:

```
{
  "Cap": false,
  "Floor": false,
  "FirstLegType": "Floating",
  "SecondLegType": "Fixed"
}
```
Here is the JSON output:

```
{
  "Cap": false,
  "Floor": false,
  "FirstLegType": "Floating",
  "SecondLegType": "Fixed"
}
```

Let me know if you need any further assistance!
Here is the JSON output:

```
{
  "Cap": false,
  "Floor": false,
  "FirstLegType": "Floating",
  "SecondLegType": "Fixed"
}
```
Here is the JSON output:

```
{
  "Cap": false,
  "Floor": false,
  "FirstLegType": "Floating",
  "SecondLegType": "Fixed"
}
```

Let me know if you need any further assistance!
Here is the JSON output:

```
{
  "Cap": false,
  "Floor": false,
  "FirstLegType": "Floating",
  "SecondLegType": "Fixed"
}
```

Let me know if you need any further assistance!
Here is the JSON output:

```
{
  "Cap": false,
  "Floor": false,
  "FirstLegType": "Floating",
  "SecondLegType": "Fixed"
}
```
Here is the JSON output:

```
{
  "Cap": false,
  "Floor": false,
  "FirstLegType": "Floating",
  "SecondLegType": "Fixed"
}
```

Let me know if you need any further assistance!
Here is the JSON output:

```
{
  "Cap": false,
  "Floor": false,
  "FirstLegType": "Floating",
  "SecondLegType": "Fixed"
}
```

Let me know if you need any further assistance!
Here is the JSON output:

```
{
  "Cap": false,
  "Floor": false,
  "FirstLegType": "Floating",
  "SecondLegType": "Floating"
}
```
Here is the JSON output:

```
{
  "Cap": false,
  "Floor": false,
  "FirstLegType": "Floating",
  "SecondLegType": "Floating"
}
```
Here is the JSON output:

```
{
  "Cap": false,
  "Floor": false,
  "FirstLegType": "Floating",
  "SecondLegType": "Floating"
}
```
Here is the JSON output:

```
{
  "Cap": false,
  "Floor": false,
  "FirstLegType": "Floating",
  "SecondLegType": "Floating"
}
```
Here is the JSON output:

```
{
  "Cap": false,
  "Floor": false,
  "FirstLegType": "Floating",
  "SecondLegType": "Floating"
}
```
Here is the JSON output:

```
{
  "Cap": false,
  "Floor": false,
  "FirstLegType": "Floating",
  "SecondLegType": "Floating"
}
```
Here is the JSON output:

```
{
  "Cap": false,
  "Floor": false,
  "FirstLegType": "Floating",
  "SecondLegType": "Floating"
}
```
Here is the JSON output:

```
{
  "Cap": false,
  "Floor": false,
  "FirstLegType": "Floating",
  "SecondLegType": "Floating"
}
```
Here is the JSON output:

```
{
  "Cap": false,
  "Floor": false,
  "FirstLegType": "Floating",
  "SecondLegType": "Floating"
}
```
Here is the JSON output:

```
{
  "Cap": false,
  "Floor": false,
  "FirstLegType": "Floating",
  "SecondLegType": "Floating"
}
```
Here is the JSON output:

```
{
  "Cap": false,
  "Floor": false,
  "FirstLegType": "Floating",
  "SecondLegType": "Floating"
}
```
Here is the JSON output:

```
{
  "Cap": false,
  "Floor": false,
  "FirstLegType": "Floating",
  "SecondLegType": "Floating"
}
```
Here is the JSON output:

```
{
  "Cap": false,
  "Floor": false,
  "FirstLegType": "Floating",
  "SecondLegType": "Floating"
}
```
Here is the JSON output:

```
{
  "Cap": false,
  "Floor": false,
  "FirstLegType": "Floating",
  "SecondLegType": "Floating"
}
```
Here is the JSON output:

```
{
  "Cap": false,
  "Floor": false,
  "FirstLegType": "Floating",
  "SecondLegType": "Floating"
}
```
Here is the JSON output:

```
{
  "Cap": false,
  "Floor": false,
  "FirstLegType": "Floating",
  "SecondLegType": "Floating"
}
```
Here is the JSON output:

```
{
  "Cap": false,
  "Floor": false,
  "FirstLegType": "Floating",
  "SecondLegType": "Floating"
}
```
Here is the JSON output:

```
{
  "Cap": false,
  "Floor": false,
  "FirstLegType": "Floating",
  "SecondLegType": "Floating"
}
```
Here is the JSON output:

```
{
  "Cap": false,
  "Floor": false,
  "FirstLegType": "Floating",
  "SecondLegType": "Floating"
}
```
Here is the JSON output:

```
{
  "Cap": false,
  "Floor": false,
  "FirstLegType": "Floating",
  "SecondLegType": "Floating"
}
```
Here is the JSON output:

```
{
  "Cap": false,
  "Floor": false,
  "FirstLegType": "Floating",
  "SecondLegType": "Floating"
}
```
Here is the JSON output:

```
{
  "Cap": false,
  "Floor": false,
  "FirstLegType": "Floating",
  "SecondLegType": "Floating"
}
```
Here is the JSON output:

```
{
  "Cap": false,
  "Floor": false,
  "FirstLegType": "Floating",
  "SecondLegType": "Floating"
}
```
Here is the JSON output:

```
{
  "Cap": false,
  "Floor": false,
  "FirstLegType": "Floating",
  "SecondLegType": "Floating"
}
```
Here is the JSON output:

```
{
  "Cap": false,
  "Floor": false,
  "FirstLegType": "Floating",
  "SecondLegType": "Floating"
}
```
Here is the JSON output:

```
{
  "Cap": false,
  "Floor": false,
  "FirstLegType": "Floating",
  "SecondLegType": "Floating"
}
```
Here is the JSON output:

```
{
  "Cap": false,
  "Floor": false,
  "FirstLegType": "Floating",
  "SecondLegType": "Floating"
}
```
Here is the JSON output:

```
{
  "Cap": false,
  "Floor": false,
  "FirstLegType": "Floating",
  "SecondLegType": "Floating"
}
```
Here is the JSON output:

```
{
  "Cap": false,
  "Floor": false,
  "FirstLegType": "Floating",
  "SecondLegType": "Floating"
}
```
Here is the JSON output:

```
{
  "Cap": false,
  "Floor": false,
  "FirstLegType": "Floating",
  "SecondLegType": "Floating"
}
```
Here is the JSON output:

```
{
  "Cap": false,
  "Floor": false,
  "FirstLegType": "Floating",
  "SecondLegType": "Floating"
}
```
Here is the JSON output:

```
{
  "Cap": false,
  "Floor": false,
  "FirstLegType": "Floating",
  "SecondLegType": "Floating"
}
```
Here is the JSON output:

```
{
  "Cap": false,
  "Floor": false,
  "FirstLegType": "Floating",
  "SecondLegType": "Floating"
}
```
Here is the JSON output:

```
{
  "Cap": false,
  "Floor": false,
  "FirstLegType": "Floating",
  "SecondLegType": "Floating"
}
```
Here is the JSON output:

```
{
  "Cap": false,
  "Floor": false,
  "FirstLegType": "Floating",
  "SecondLegType": "Floating"
}
```
Here is the JSON output:

```
{
  "Cap": false,
  "Floor": false,
  "FirstLegType": "Floating",
  "SecondLegType": "Floating"
}
```
Here is the JSON output:

```
{
  "Cap": false,
  "Floor": false,
  "FirstLegType": "Floating",
  "SecondLegType": "Floating"
}
```
Here is the JSON output:

```
{
  "Cap": false,
  "Floor": false,
  "FirstLegType": "Floating",
  "SecondLegType": "Floating"
}
```
Here is the JSON output:

```
{
  "Cap": false,
  "Floor": false,
  "FirstLegType": "Floating",
  "SecondLegType": "Floating"
}
```
Here is the JSON output:

```
{
  "Cap": false,
  "Floor": false,
  "FirstLegType": "Floating",
  "SecondLegType": "Floating"
}
```
Here is the JSON output:

```
{
  "Cap": false,
  "Floor": false,
  "FirstLegType": "Floating",
  "SecondLegType": "Floating"
}
```
Here is the JSON output:

```
{
  "Cap": false,
  "Floor": false,
  "FirstLegType": "Floating",
  "SecondLegType": "Floating"
}
```
Here is the JSON output:

```
{
  "Cap": false,
  "Floor": false,
  "FirstLegType": "Floating",
  "SecondLegType": "Floating"
}
```
Here is the JSON output:

```
{
  "Cap": false,
  "Floor": false,
  "FirstLegType": "Floating",
  "SecondLegType": "Floating"
}
```
Here is the JSON output:

```
{
  "Cap": false,
  "Floor": false,
  "FirstLegType": "Floating",
  "SecondLegType": "Floating"
}
```
Here is the JSON output:

```
{
  "Cap": false,
  "Floor": false,
  "FirstLegType": "Floating",
  "SecondLegType": "Floating"
}
```
Here is the JSON output:

```
{
  "Cap": false,
  "Floor": false,
  "FirstLegType": "Floating",
  "SecondLegType": "Floating"
}
```
Here is the JSON output:

```
{
  "Cap": false,
  "Floor": false,
  "FirstLegType": "Floating",
  "SecondLegType": "Floating"
}
```
Here is the JSON output:

```
{
  "Cap": false,
  "Floor": false,
  "FirstLegType": "Floating",
  "SecondLegType": "Floating"
}
```
Here is the JSON output:

```
{
  "Cap": false,
  "Floor": false,
  "FirstLegType": "Floating",
  "SecondLegType": "Floating"
}
```
Here is the JSON output:

```
{
  "Cap": false,
  "Floor": true,
  "FirstLegType": "Floating",
  "SecondLegType": "Fixed"
}
```
Here is the JSON output:

```
{
  "Cap": false,
  "Floor": true,
  "FirstLegType": "Floating",
  "SecondLegType": "Fixed"
}
```
Here is the JSON output:

```
{
  "Cap": false,
  "Floor": true,
  "FirstLegType": "Floating",
  "SecondLegType": "Fixed"
}
```
Here is the JSON output:

```
{
  "Cap": false,
  "Floor": true,
  "FirstLegType": "Floating",
  "SecondLegType": "Fixed"
}
```
Here is the JSON output:

```
{
  "Cap": false,
  "Floor": true,
  "FirstLegType": "Floating",
  "SecondLegType": "Fixed"
}
```
Here is the JSON output:

```
{
  "Cap": false,
  "Floor": true,
  "FirstLegType": "Floating",
  "SecondLegType": "Fixed"
}
```
Here is the JSON output:

```
{
  "Cap": false,
  "Floor": true,
  "FirstLegType": "Floating",
  "SecondLegType": "Fixed"
}
```
Here is the JSON output:

```
{
  "Cap": false,
  "Floor": true,
  "FirstLegType": "Floating",
  "SecondLegType": "Fixed"
}
```
Here is the JSON output:

```
{
  "Cap": false,
  "Floor": true,
  "FirstLegType": "Floating",
  "SecondLegType": "Fixed"
}
```
Here is the JSON output:

```
{
  "Cap": false,
  "Floor": true,
  "FirstLegType": "Floating",
  "SecondLegType": "Fixed"
}
```
Here is the JSON output:

```
{
  "Cap": false,
  "Floor": true,
  "FirstLegType": "Floating",
  "SecondLegType": "Fixed"
}
```
Here is the JSON output:

```
{
  "Cap": false,
  "Floor": true,
  "FirstLegType": "Floating",
  "SecondLegType": "Fixed"
}
```
Here is the JSON output:

```
{
  "Cap": false,
  "Floor": true,
  "FirstLegType": "Floating",
  "SecondLegType": "Fixed"
}
```
Here is the JSON output:

```
{
  "Cap": false,
  "Floor": true,
  "FirstLegType": "Floating",
  "SecondLegType": "Fixed"
}
```
Here is the JSON output:

```
{
  "Cap": false,
  "Floor": true,
  "FirstLegType": "Floating",
  "SecondLegType": "Fixed"
}
```
Here is the JSON output:

```
{
  "Cap": false,
  "Floor": true,
  "FirstLegType": "Floating",
  "SecondLegType": "Fixed"
}
```
Here is the JSON output:

```
{
  "Cap": false,
  "Floor": true,
  "FirstLegType": "Floating",
  "SecondLegType": "Fixed"
}
```
Here is the JSON output:

```
{
  "Cap": false,
  "Floor": true,
  "FirstLegType": "Floating",
  "SecondLegType": "Fixed"
}
```
Here is the JSON output:

```
{
  "Cap": false,
  "Floor": true,
  "FirstLegType": "Floating",
  "SecondLegType": "Fixed"
}
```
Here is the JSON output:

```
{
  "Cap": false,
  "Floor": true,
  "FirstLegType": "Floating",
  "SecondLegType": "Fixed"
}
```
Here is the JSON output:

```
{
  "Cap": false,
  "Floor": true,
  "FirstLegType": "Floating",
  "SecondLegType": "Fixed"
}
```
Here is the JSON output:

```
{
  "Cap": false,
  "Floor": true,
  "FirstLegType": "Floating",
  "SecondLegType": "Fixed"
}
```
Here is the JSON output:

```
{
  "Cap": false,
  "Floor": true,
  "FirstLegType": "Floating",
  "SecondLegType": "Fixed"
}
```
Here is the JSON output:

```
{
  "Cap": false,
  "Floor": true,
  "FirstLegType": "Floating",
  "SecondLegType": "Fixed"
}
```
Here is the JSON output:

```
{
  "Cap": false,
  "Floor": true,
  "FirstLegType": "Floating",
  "SecondLegType": "Fixed"
}
```
Here is the JSON output:

```
{
  "Cap": false,
  "Floor": true,
  "FirstLegType": "Floating",
  "SecondLegType": "Fixed"
}
```
Here is the JSON output:

```
{
  "Cap": false,
  "Floor": true,
  "FirstLegType": "Floating",
  "SecondLegType": "Fixed"
}
```
Here is the JSON output:

```
{
  "Cap": false,
  "Floor": true,
  "FirstLegType": "Floating",
  "SecondLegType": "Fixed"
}
```
Here is the JSON output:

```
{
  "Cap": false,
  "Floor": true,
  "FirstLegType": "Floating",
  "SecondLegType": "Fixed"
}
```
Here is the JSON output:

```
{
  "Cap": false,
  "Floor": true,
  "FirstLegType": "Floating",
  "SecondLegType": "Fixed"
}
```
Here is the JSON output:

```
{
  "Cap": false,
  "Floor": true,
  "FirstLegType": "Floating",
  "SecondLegType": "Fixed"
}
```
Here is the JSON output:

```
{
  "Cap": false,
  "Floor": true,
  "FirstLegType": "Floating",
  "SecondLegType": "Fixed"
}
```
Here is the JSON output:

```
{
  "Cap": false,
  "Floor": true,
  "FirstLegType": "Floating",
  "SecondLegType": "Fixed"
}
```
Here is the JSON output:

```
{
  "Cap": false,
  "Floor": true,
  "FirstLegType": "Floating",
  "SecondLegType": "Fixed"
}
```
Here is the JSON output:

```
{
  "Cap": false,
  "Floor": true,
  "FirstLegType": "Floating",
  "SecondLegType": "Fixed"
}
```
Here is the JSON output:

```
{
  "Cap": false,
  "Floor": true,
  "FirstLegType": "Floating",
  "SecondLegType": "Fixed"
}
```
Here is the JSON output:

```
{
  "Cap": false,
  "Floor": true,
  "FirstLegType": "Floating",
  "SecondLegType": "Fixed"
}
```
Here is the JSON output:

```
{
  "Cap": false,
  "Floor": true,
  "FirstLegType": "Floating",
  "SecondLegType": "Fixed"
}
```
Here is the JSON output:

```
{
  "Cap": false,
  "Floor": true,
  "FirstLegType": "Floating",
  "SecondLegType": "Fixed"
}
```
Here is the JSON output:

```
{
  "Cap": false,
  "Floor": true,
  "FirstLegType": "Floating",
  "SecondLegType": "Fixed"
}
```
Here is the JSON output:

```
{
  "Cap": false,
  "Floor": true,
  "FirstLegType": "Floating",
  "SecondLegType": "Fixed"
}
```
Here is the JSON output:

```
{
  "Cap": false,
  "Floor": true,
  "FirstLegType": "Floating",
  "SecondLegType": "Fixed"
}
```
Here is the JSON output:

```
{
  "Cap": false,
  "Floor": true,
  "FirstLegType": "Floating",
  "SecondLegType": "Fixed"
}
```
Here is the JSON output:

```
{
  "Cap": false,
  "Floor": true,
  "FirstLegType": "Floating",
  "SecondLegType": "Fixed"
}
```
Here is the JSON output:

```
{
  "Cap": false,
  "Floor": true,
  "FirstLegType": "Floating",
  "SecondLegType": "Fixed"
}
```
Here is the JSON output:

```
{
  "Cap": false,
  "Floor": true,
  "FirstLegType": "Floating",
  "SecondLegType": "Fixed"
}
```
Here is the JSON output:

```
{
  "Cap": false,
  "Floor": true,
  "FirstLegType": "Floating",
  "SecondLegType": "Fixed"
}
```
Here is the JSON output:

```
{
  "Cap": false,
  "Floor": true,
  "FirstLegType": "Floating",
  "SecondLegType": "Fixed"
}
```
Here is the JSON output:

```
{
  "Cap": false,
  "Floor": true,
  "FirstLegType": "Floating",
  "SecondLegType": "Fixed"
}
```
Here is the JSON output:

```
{
  "Cap": false,
  "Floor": true,
  "FirstLegType": "Floating",
  "SecondLegType": "Fixed"
}
```
Here is the JSON output:

```
{
  "Cap": false,
  "Floor": false,
  "FirstLegType": "Floating",
  "SecondLegType": "Fixed"
}
```
Here is the JSON output:

```
{
  "Cap": false,
  "Floor": false,
  "FirstLegType": "Floating",
  "SecondLegType": "Fixed"
}
```
Here is the JSON output:

```
{
  "Cap": false,
  "Floor": false,
  "FirstLegType": "Floating",
  "SecondLegType": "Fixed"
}
```
Here is the JSON output:

```
{
  "Cap": false,
  "Floor": false,
  "FirstLegType": "Floating",
  "SecondLegType": "Fixed"
}
```
Here is the JSON output:

```
{
  "Cap": false,
  "Floor": false,
  "FirstLegType": "Floating",
  "SecondLegType": "Fixed"
}
```

Let me know if you need any further assistance!
Here is the JSON output:

```
{
  "Cap": false,
  "Floor": false,
  "FirstLegType": "Floating",
  "SecondLegType": "Fixed"
}
```
Here is the JSON output:

```
{
  "Cap": false,
  "Floor": false,
  "FirstLegType": "Floating",
  "SecondLegType": "Fixed"
}
```
Here is the JSON output:

```
{
  "Cap": false,
  "Floor": false,
  "FirstLegType": "Floating",
  "SecondLegType": "Fixed"
}
```
Here is the JSON output:

```
{
  "Cap": false,
  "Floor": false,
  "FirstLegType": "Floating",
  "SecondLegType": "Fixed"
}
```

Let me know if you need any further assistance!
Here is the JSON output:

```
{
  "Cap": false,
  "Floor": false,
  "FirstLegType": "Floating",
  "SecondLegType": "Fixed"
}
```

Let me know if you need any further assistance!
Here is the JSON output:

```
{
  "Cap": false,
  "Floor": false,
  "FirstLegType": "Floating",
  "SecondLegType": "Fixed"
}
```
Here is the JSON output:

```
{
  "Cap": false,
  "Floor": false,
  "FirstLegType": "Floating",
  "SecondLegType": "Fixed"
}
```

Let me know if you need any further assistance!
Here is the JSON output:

```
{
  "Cap": false,
  "Floor": false,
  "FirstLegType": "Floating",
  "SecondLegType": "Fixed"
}
```
Here is the JSON output:

```
{
  "Cap": false,
  "Floor": false,
  "FirstLegType": "Floating",
  "SecondLegType": "Fixed"
}
```

Let me know if you need any further assistance!
Here is the JSON output:

```
{
  "Cap": false,
  "Floor": false,
  "FirstLegType": "Floating",
  "SecondLegType": "Fixed"
}
```
Here is the JSON output:

```
{
  "Cap": false,
  "Floor": false,
  "FirstLegType": "Floating",
  "SecondLegType": "Fixed"
}
```
Here is the JSON output:

```
{
  "Cap": false,
  "Floor": false,
  "FirstLegType": "Floating",
  "SecondLegType": "Fixed"
}
```
Here is the JSON output:

```
{
  "Cap": false,
  "Floor": false,
  "FirstLegType": "Floating",
  "SecondLegType": "Fixed"
}
```
Here is the JSON output:

```
{
  "Cap": false,
  "Floor": false,
  "FirstLegType": "Floating",
  "SecondLegType": "Fixed"
}
```
Here is the JSON output:

```
{
  "Cap": false,
  "Floor": false,
  "FirstLegType": "Floating",
  "SecondLegType": "Fixed"
}
```
Here is the JSON output:

```
{
  "Cap": false,
  "Floor": false,
  "FirstLegType": "Floating",
  "SecondLegType": "Fixed"
}
```

Let me know if you need any further assistance!
Here is the JSON output:

```
{
  "Cap": false,
  "Floor": false,
  "FirstLegType": "Floating",
  "SecondLegType": "Fixed"
}
```
Here is the JSON output:

```
{
  "Cap": false,
  "Floor": false,
  "FirstLegType": "Floating",
  "SecondLegType": "Fixed"
}
```
Here is the JSON output:

```
{
  "Cap": false,
  "Floor": false,
  "FirstLegType": "Floating",
  "SecondLegType": "Fixed"
}
```

Let me know if you need any further assistance!
Here is the JSON output:

```
{
  "Cap": false,
  "Floor": false,
  "FirstLegType": "Floating",
  "SecondLegType": "Fixed"
}
```

Let me know if you need any further assistance!
Here is the JSON output:

```
{
  "Cap": false,
  "Floor": false,
  "FirstLegType": "Floating",
  "SecondLegType": "Fixed"
}
```

Let me know if you need any further assistance!
Here is the JSON output:

```
{
  "Cap": false,
  "Floor": false,
  "FirstLegType": "Floating",
  "SecondLegType": "Fixed"
}
```

Let me know if you need any further assistance!
Here is the JSON output:

```
{
  "Cap": false,
  "Floor": false,
  "FirstLegType": "Floating",
  "SecondLegType": "Fixed"
}
```
Here is the JSON output:

```
{
  "Cap": false,
  "Floor": false,
  "FirstLegType": "Floating",
  "SecondLegType": "Fixed"
}
```
Here is the JSON output:

```
{
  "Cap": false,
  "Floor": false,
  "FirstLegType": "Floating",
  "SecondLegType": "Fixed"
}
```
Here is the JSON output:

```
{
  "Cap": false,
  "Floor": false,
  "FirstLegType": "Floating",
  "SecondLegType": "Fixed"
}
```

Let me know if you need any further assistance!
Here is the JSON output:

```
{
  "Cap": false,
  "Floor": false,
  "FirstLegType": "Floating",
  "SecondLegType": "Fixed"
}
```
Here is the JSON output:

```
{
  "Cap": false,
  "Floor": false,
  "FirstLegType": "Floating",
  "SecondLegType": "Fixed"
}
```
Here is the JSON output:

```
{
  "Cap": false,
  "Floor": false,
  "FirstLegType": "Floating",
  "SecondLegType": "Fixed"
}
```
Here is the JSON output:

```
{
  "Cap": false,
  "Floor": false,
  "FirstLegType": "Floating",
  "SecondLegType": "Fixed"
}
```
Here is the JSON output:

```
{
  "Cap": false,
  "Floor": false,
  "FirstLegType": "Floating",
  "SecondLegType": "Fixed"
}
```
Here is the JSON output:

```
{
  "Cap": false,
  "Floor": false,
  "FirstLegType": "Floating",
  "SecondLegType": "Fixed"
}
```
Here is the JSON output:

```
{
  "Cap": false,
  "Floor": false,
  "FirstLegType": "Floating",
  "SecondLegType": "Fixed"
}
```
Here is the JSON output:

```
{
  "Cap": false,
  "Floor": false,
  "FirstLegType": "Floating",
  "SecondLegType": "Fixed"
}
```

Let me know if you need any further assistance!
Here is the JSON output:

```
{
  "Cap": false,
  "Floor": false,
  "FirstLegType": "Floating",
  "SecondLegType": "Fixed"
}
```
Here is the JSON output:

```
{
  "Cap": false,
  "Floor": false,
  "FirstLegType": "Floating",
  "SecondLegType": "Fixed"
}
```
Here is the JSON output:

```
{
  "Cap": false,
  "Floor": false,
  "FirstLegType": "Floating",
  "SecondLegType": "Fixed"
}
```
Here is the JSON output:

```
{
  "Cap": false,
  "Floor": false,
  "FirstLegType": "Floating",
  "SecondLegType": "Fixed"
}
```
Here is the JSON output:

```
{
  "Cap": false,
  "Floor": false,
  "FirstLegType": "Floating",
  "SecondLegType": "Fixed"
}
```
Here is the JSON output:

```
{
  "Cap": false,
  "Floor": false,
  "FirstLegType": "Floating",
  "SecondLegType": "Fixed"
}
```
Here is the JSON output:

```
{
  "Cap": false,
  "Floor": false,
  "FirstLegType": "Floating",
  "SecondLegType": "Fixed"
}
```
Here is the JSON output:

```
{
  "Cap": false,
  "Floor": false,
  "FirstLegType": "Floating",
  "SecondLegType": "Fixed"
}
```
Here is the JSON output:

```
{
  "Cap": false,
  "Floor": false,
  "FirstLegType": "Floating",
  "SecondLegType": "Fixed"
}
```
Here is the JSON output:

```
{
  "Cap": false,
  "Floor": false,
  "FirstLegType": "Floating",
  "SecondLegType": "Fixed"
}
```
Here is the JSON output:

```
{
  "Cap": false,
  "Floor": false,
  "FirstLegType": "Floating",
  "SecondLegType": "Fixed"
}
```
