Sell 10y SOFR swap at 3.45%
Sell 5y SOFR swap at 2.90%
```json
{
    "analysis": "Both trades contain the parameter of interest (Buy/Sell) using the same placement at the start of the trade description, directly preceding the numerical tenor and the type of swap (SOFR swap), meaning the parameter usage is identical; the overall structure and wording are the same except for numerical values unrelated to the parameter, which are excluded from comparison.",
    "similarity_score": 100
}
```
Sell 10y SOFR swap at 3.45%
Sell 5y SOFR swap at 2.90%
```json
{
    "analysis": "Both trade descriptions place the parameter indicating direction ('Sell') at the very beginning of the description, similarly structured with 'Sell' immediately followed by a numerical and currency specification ('10y' and '5y'), the type of swap ('SOFR swap'), and concluding with a rate. The format and wording are consistent, simply differing by numerical components and swap term specifications ('10y' vs '5y').",
    "similarity_score": 95
}
```
Sell 10y SOFR swap at 3.45%
Sell 5y ESTR swap at 2.90%
```json
{
    "analysis": "Both trade descriptions begin with the word 'Sell,' which aligns directly with the given parameter description involving 'Buy or Sell' or equivalent terms specific to the trade type. The word 'Sell' is utilized in an identical format and position in both descriptions, immediately followed by the tenor ('10y' or '5y') and the swap type ('SOFR' or 'ESTR'), indicating a parallel structure and usage. This uniform placement and consistency in presentation directly match the parameter's context as it refers to the action ('Sell'), thus showing high similarity in format and wording for this parameter.",
    "similarity_score": 100
}
```
Sell 10y SOFR swap at 3.45%
Sell 5y ESTR swap at 2.90%
```json
{
    "analysis": "Both trade descriptions start with the word 'Sell', which is consistent with the parameter's description where 'Sell' aligns with 'Receive Fixed'. The placement is identical, as 'Sell' is the very first word in each description. Both trade descriptions maintain the same sequence and structure, starting with the action ('Sell'), followed by the term length ('10y' or '5y'), the index ('SOFR' or 'ESTR'), and the phrase 'swap at', followed by an interest rate. The complete trade descriptions differ only in the specific terms (length, index, rate), which are to be ignored. Thus, the structure and format surrounding the placement of the 'Sell' parameter are identical, emphasizing that the wording and position of the parameter within the trade descriptions are effectively the same.",
    "similarity_score": 100
}
```
Sell 10y SOFR swap at 3.45%
We receive fixed on 5y SOFR swap at 2.90%
```json
{
    "analysis": "The descriptions of the parameter in the two trades differ significantly in wording and structure. The first trade states 'Sell' directly at the beginning, suggesting a straightforward command-like structure, while the second trade uses 'receive fixed on' to convey the same concept, making it functionally explicit in terms of trade actions but more descriptive and verbose. Despite referring to the same concept, the phrasing and positioning within the sentences are not aligned, affecting clarity and separation from the rest of the trade details. Such differences in expression and embedding within the sentence structure reduce the similarity level between the two descriptions.",
    "similarity_score": 25
}
```
Sell 10y SOFR swap at 3.45%
We receive fixed on 5y SOFR swap at 2.90%
```json
{
    "analysis": "Both trade descriptions detail opposite actions associated with SOFR swaps: 'Sell 10y SOFR swap' (which aligns with the parameter 'Sell' or 'Pay Fixed') and 'receive fixed on 5y SOFR swap' (which corresponds with 'Receive Fixed', interpreting it as 'Sell' for this context). The key similarity lies in both using industry-standard language to describe the economic direction of the trades, aligning with the parameter's dual terminology: 'Sell' or 'Receive Fixed'. However, there are structural differences, as the first trade specifies the transaction upfront ('Sell 10y SOFR swap'), while the second trade embeds the action within a broader phrase ('We receive fixed'), suggesting a narrative format. This narrative style versus direct transactional language indicates a moderate but not identical similarity, impacting comprehension and clarity for the parameter description.",
    "similarity_score": 65
}
```
Sell 10y SOFR swap at 3.45%
We pay fixed on 5y SOFR swap at 2.90%
```json
{
    "analysis": "The trade descriptions use different terminology to convey the same parameter. In the first trade, the parameter is placed at the beginning with the word 'Sell,' indicating the direction of the trade. In the second trade, the words 'Pay Fixed' are used, which semantically corresponds to 'Sell' in the context of fixed income swaps. Both descriptions use the swap tenor and type (SOFR) similarly, but the wording for the parameter differs significantly. The stylistic choice of presenting this parameter varies, with one using plain directional language and the other a more descriptive phrase involving fixed payment. These differences in wording affect the format of the trade description despite conveying the same meaning behind the parameter.",
    "similarity_score": 40
}
```
Sell 10y SOFR swap at 3.45%
We pay fixed on 5y SOFR swap at 2.90%
```json
{
    "analysis": "The trade descriptions differ in their depiction of the action related to the given parameter. In the first trade, the action is conveyed using the single word 'Sell', while the second trade uses a phrase, 'Pay fixed', to describe an equivalent action ('Buy' in this context). Although both descriptions effectively communicate the action with respect to the parameter as per its definition for this trade type, the format and structure vary: one is a straightforward verb, and the other is a verbal phrase. The distinction between a single-word and a multi-word description constitutes a significant structural difference, though both serve the same functional purpose within the swap context. This results in a moderate level of similarity due to their semantic equivalence but presents a formal and stylistic divergence.",
    "similarity_score": 40
}
```
Sell 10y SOFR swap at 3.45%
Client pays fixed on 5y ESTR swap at breakeven rate
```json
{
    "analysis": "The two trade descriptions both specify the directional action related to a swap instrument; however, they use different terminology and structure. The first trade uses 'Sell' combined with the instrument type directly ('Sell 10y SOFR swap'), presenting the action concisely at the start. The second trade uses 'Client pays fixed on' to imply the same action indirectly related to the swap. While both trades ultimately convey a similar directional commitment related to the swap instrument, the wording, phrasing, and structural placement depict the parameters differently: the first is direct and unambiguous, while the second involves a formulation ('pays fixed on') that translates into the buying / selling action indirectly. Therefore, the similarity lies in the outcome conveyed by the phrasing, but the format and terminology differ significantly.",
    "similarity_score": 50
}
```
Sell 10y SOFR swap at 3.45%
Client pays fixed on 5y ESTR swap at breakeven rate
```json
{
    "analysis": "The two trade descriptions differ significantly in how the parameter in question is presented: the first trade uses the terms 'Sell' directly, making it concise and to the point, while the second trade uses 'Client pays fixed', which indirectly refers to the same concept (Pay Fixed being equivalent to Buy in this context). The first trade employs a direct verb-object format ('Sell 10y SOFR swap'), while the second uses a more verbose and indirect structure ('Client pays fixed on 5y ESTR swap'), introducing the client's perspective into the description. This results in different format and phrasing styles, affecting their similarity in describing the parameter.",
    "similarity_score": 35
}
```
Sell 10y SOFR swap at 3.45%
SOFR swap, we receive fixed at 2.90%, 10y tenor
```json
{
    "analysis": "The trade descriptions use different approaches to describe the parameter. In the first trade description, the parameter 'Sell' is directly stated at the beginning, highlighting the direction of the trade. In contrast, the second description embeds the parameter within a phrase 'we receive fixed', which has a different structure and wording that implies an action ('Receive Fixed') rather than directly stating 'Sell'. This represents a structural difference and varied semantic emphasis on how the parameter is conveyed, however both descriptions clearly convey the trade direction in relation to 'Sell' in context. Thus, while they achieve the same meaning, the format varies considerably.",
    "similarity_score": 55
}
```
Sell 10y SOFR swap at 3.45%
SOFR swap, we receive fixed at 2.90%, 10y tenor
```json
{
    "analysis": "The key parameter, indicating the position on the trade (Buy/Sell or Pay/Receive Fixed), is communicated differently in both trade descriptions. In the first trade, the action 'Sell' is explicitly stated at the beginning, directly preceding the rest of the trade details. The format is straightforward: action, instrument, and terms. In contrast, the second trade describes the position as 'Receive fixed', placed after the instrument ('SOFR swap'). This format presents a more narrative structure: starting with the instrument, followed by action, then terms. The first trade opts for brevity and directness, while the second employs a slightly more detailed description with a non-linear sequence. Despite these differences, both explicitly convey the key parameter using correct terminology for the given financial context (Sell = Receive Fixed; Buy = Pay Fixed). Both adhere to clear language suitable for financial instruments yet differ significantly in their structural approach, sequential arrangement, and conciseness.",
    "similarity_score": 30
}
```
Sell 10y SOFR swap at 3.45%
Vanilla swap on 3m Term SOFR at 2.90%, we pay fixed, 10y maturity
```json
{
    "analysis": "The first trade description specifies the action simply as 'Sell' at the beginning of the statement, making the action-conveying word the first element. In contrast, the second trade uses 'we pay fixed' to indicate action, which is an embedded phrase within a longer set of descriptions, and it relates to the same action (equivalent to 'Buy'). Despite this, both trades use the key terms from the given parameter to denote the action related to the fixed leg, following differing placements - one at the start and one in an extended description. The structural placement and wording differ significantly, as one is straightforward (single-word at the start) and the other is part of a mid-sentence clause, leading to moderate similarity in descriptive construction regarding the action. However, they share the potential for translation of meaning via the given parameter ('Buy' for 'Pay Fixed'), indicating a conceptual similarity.",
    "similarity_score": 40
}
```
Sell 10y SOFR swap at 3.45%
Vanilla swap on 3m Term SOFR at 2.90%, we pay fixed, 10y maturity
```json
{
    "analysis": "The structure of the parameter descriptions in the two trades reveals differences in format and explicitness. In the first trade, the parameter (Sell) is integrated concisely at the beginning, directly preceding the details of the swap. In contrast, the second trade presents a more complex description ('Vanilla swap on 3m Term SOFR at 2.90%, we pay fixed'), where 'pay fixed' implicitly suggests the equivalent of a 'Buy' position, but this is not explicitly stated. The phrase 'we pay fixed' appears later in the sentence structure and is more verbose, indicating a contrasting approach in how the parameter is presented. Although the implication is conceptually aligned, the brevity and positioning in the first trade are notably different from the particular phrasing and implicit nature in the second, affecting the overall similarity in parameter description format.",
    "similarity_score": 40
}
```
