Sell 10y SOFR swap at 3.45%
Sell 5y SOFR swap at 2.90%
{
    "analysis": "The similarity assessment is based on the consistent placement of the 'Buy' or 'Sell' parameter at the beginning of both trade descriptions, with identical wording and structure, despite differences in other parameters such as tenor and rate, which are ignored for the purpose of this analysis.",
    "similarity_score": 100
}

Justification:
In both trade descriptions, the 'Buy' or 'Sell' parameter is placed at the beginning, with the exact same wording and structure. The first trade description starts with "Sell", and the second trade description also starts with "Sell". This consistency in placement and wording suggests a high degree of similarity. The differences in other parameters, such as the tenor (10y vs 5y) and rate (3.45% vs 2.90%), are ignored for the purpose of this analysis, as per the instructions. Therefore, based on the consistent placement and wording of the 'Buy' or 'Sell' parameter, I assign a similarity score of 100, indicating that the trades are identical in terms of this parameter.
Sell 10y SOFR swap at 3.45%
Sell 5y SOFR swap at 2.90%
Here is my response:

```
{
    "analysis": "The similarity in the description of the parameter 'Buy/Sell' lies in the consistent placement at the beginning of the trade description, with the word 'Sell' used in both trades, following the same structure and wording, despite differences in other parameters such as tenor and rate.",
    "similarity_score": 95
}
```

Justification:

Upon analyzing the two trade descriptions, I observed that the parameter 'Buy/Sell' is consistently placed at the beginning of the trade description in both cases. The word 'Sell' is used in both trades, and the structure and wording of the parameter description are identical. The only differences lie in the other parameters, such as the tenor (10y vs 5y) and rate (3.45% vs 2.90%), which are irrelevant to the assessment of the 'Buy/Sell' parameter.

The consistent placement and wording of the 'Buy/Sell' parameter suggest a high degree of similarity, which is why I assigned a similarity score of 95. The only reason I didn't assign a score of 100 is that the actual value of the parameter ('Sell' in both cases) could potentially be different in other trades, whereas the structure and wording of the description remain consistent.
Sell 10y SOFR swap at 3.45%
Sell 5y ESTR swap at 2.90%
Here is my response:

{
    "analysis": "The similarity in the description of the parameter 'direction' (Buy/Sell) lies in its consistent placement at the beginning of the trade description, with the same wording and structure used in both trades, despite differences in other parameters such as tenor and rate.",
    "similarity_score": 90
}

Justification:

Upon analyzing the two trade descriptions, I observed that the parameter "direction" (Buy/Sell) is consistently placed at the beginning of the trade description in both cases. The wording and structure used to describe this parameter are identical, with "Sell" being used in both trades to indicate the direction of the swap. This consistency in placement and wording suggests a high degree of similarity.

The only difference observed is the actual value of the direction parameter, which is "Sell" in both cases, but this difference is ignored according to the problem statement. The differences in other parameters such as tenor (10y vs 5y) and rate (3.45% vs 2.90%) are also ignored.

Given the consistent placement and wording of the direction parameter, I assigned a similarity score of 90, indicating a high degree of similarity. The score is not 100 because there may be other possible ways to describe the direction parameter, and the current format may not be the only possible way to express it. However, within the context of these two trade descriptions, the similarity is quite high.
Sell 10y SOFR swap at 3.45%
Sell 5y ESTR swap at 2.90%
Here is my response:

{
    "analysis": "The similarity in the description of the parameter 'direction' (Buy/Sell) lies in its consistent placement at the beginning of the trade description, with the same wording and structure used in both trades, despite differences in other parameters such as tenor and rate, which were ignored in the analysis.",
    "similarity_score": 100
}

Justification:

Upon analyzing the two trade descriptions, I observed that the parameter 'direction' (Buy/Sell) is consistently placed at the beginning of the trade description in both trades. The wording and structure used to describe this parameter are identical, with "Sell" being used in both trades to indicate the direction of the trade. The fact that the tenor and rate values differ between the two trades does not affect the similarity in how the direction parameter is described. Therefore, I assigned a similarity score of 100, indicating that the trades are identical in terms of the given parameter.
Sell 10y SOFR swap at 3.45%
We receive fixed on 5y SOFR swap at 2.90%
Here is my response:

{
    "analysis": "The similarity assessment is based on the structure and wording of the parameter description, where both trades use a verb at the beginning to indicate the direction of the trade, with 'Sell' and 'We receive fixed' conveying the same meaning, although with different wording, and both are followed by the swap details, which suggests a similar format and intention, but with some differences in wording and phrase structure.",
    "similarity_score": 80
}

Here's a breakdown of my thought process:

* Both trades use a verb at the beginning to indicate the direction of the trade, which suggests a similar structure and intention.
* The words "Sell" and "We receive fixed" convey the same meaning, although with different wording, which indicates some similarity in the description of the parameter.
* The phrase "We receive fixed" is a bit more verbose than "Sell", and uses a different grammatical structure, which introduces some differences.
* Both descriptions are followed by the swap details, which suggests a similar format and intention.

Overall, while there are some differences in wording and phrase structure, the similarity in structure and intention, as well as the conveyance of the same meaning, leads me to assign a similarity score of 80.
Sell 10y SOFR swap at 3.45%
We receive fixed on 5y SOFR swap at 2.90%
Here is my response:

{
    "analysis": "The similarity in the description of the parameter is influenced by the consistent use of a verb at the beginning of the trade description, with 'Sell' and 'We receive fixed' both indicating the direction of the trade, although the wording and structure differ slightly, with 'Sell' being a single word and 'We receive fixed' being a phrase, which reduces the similarity score.",
    "similarity_score": 80
}

Here's a breakdown of my thought process:

* Both trade descriptions start with a verb that indicates the direction of the trade, which is a key similarity.
* The wording and structure of the parameter description differ slightly, with 'Sell' being a single word and 'We receive fixed' being a phrase. This difference reduces the similarity score.
* The use of 'We receive fixed' instead of simply 'Receive fixed' adds a slight nuance to the description, which also reduces the similarity score.
* Despite these differences, the overall format and structure of the trade descriptions are similar, with the parameter description coming at the beginning of the sentence.

Overall, I assigned a similarity score of 80, indicating a strong similarity in the description of the parameter, but with some differences in wording and structure that prevent it from being identical.
Sell 10y SOFR swap at 3.45%
We pay fixed on 5y SOFR swap at 2.90%
Here is my response:

```
{
    "analysis": "The similarity in the description of the parameter lies in its position at the beginning of the trade description, with both trades using a verb to indicate the direction of the trade, although the wording and structure differ slightly, with the first trade using 'Sell' and the second trade using 'We pay fixed', which has a similar meaning but with a different phraseology.",
    "similarity_score": 80
}
```

Here's my detailed justification:

Upon analyzing the two trade descriptions, I observed that both trades place the parameter at the beginning of the description, which suggests a similar structure. Additionally, both trades use a verb to indicate the direction of the trade, which is a key similarity. However, the wording and phraseology differ slightly between the two trades. The first trade uses a concise and direct "Sell", whereas the second trade uses a more verbose "We pay fixed", which has a similar meaning but with a different tone.

Despite these differences, the overall format and position of the parameter within the trade description are similar, which is why I assigned a similarity score of 80. If the wording and phraseology were identical, I would have assigned a score closer to 100. However, the differences in wording and structure prevent me from assigning a perfect score.
Sell 10y SOFR swap at 3.45%
We pay fixed on 5y SOFR swap at 2.90%
Here is my response:

{
    "analysis": "The similarity in the description of the parameter is influenced by the consistent use of a verb at the beginning of the trade description, indicating the direction of the trade, although the wording and structure differ slightly, with the first trade using 'Sell' and the second trade using 'We pay fixed', which has a similar meaning, but with a different phraseology.",
    "similarity_score": 80
}

Here's my detailed justification:

Upon analyzing the two trade descriptions, I observed that both descriptions start with a verb that indicates the direction of the trade. In the first trade, it's "Sell", and in the second trade, it's "We pay fixed", which, according to the problem statement, means "Buy". This consistency in using a verb at the beginning of the trade description to indicate the direction of the trade is a key similarity between the two descriptions.

However, there are some differences in the wording and structure of the descriptions. The first trade uses a simple "Sell" verb, while the second trade uses a more elaborate phrase "We pay fixed". This difference in phraseology reduces the similarity score.

Despite these differences, the overall format and structure of the trade descriptions are similar, with the direction-indicating verb followed by the specifics of the trade. Therefore, I assigned a similarity score of 80, indicating a strong similarity in the description of the parameter, but with some differences in wording and structure.
Sell 10y SOFR swap at 3.45%
Client pays fixed on 5y ESTR swap at breakeven rate
Here is my response:

{
    "analysis": "The similarity assessment is based on the structure and wording of the parameter description, where both trades use a verb at the beginning to indicate the direction of the trade, with 'Sell' in the first trade and 'Client pays' in the second trade, which is equivalent to 'Sell' in this context, although the wording is different; however, the overall format and position of the parameter within the trade description are similar, contributing to a moderate similarity score.",
    "similarity_score": 60
}

Here's a breakdown of my thought process:

* Both trades use a verb at the beginning to indicate the direction of the trade, which is a key similarity.
* The wording is different, with 'Sell' in the first trade and 'Client pays' in the second trade, which reduces the similarity score.
* The position of the parameter within the trade description is similar, with the direction of the trade being specified at the beginning of the sentence.
* The structure of the trade descriptions is different, with the first trade being more concise and the second trade being more verbose, which also reduces the similarity score.

Overall, while there are some similarities in the structure and wording of the parameter description, there are also some differences that prevent the similarity score from being higher. A score of 60 reflects a moderate level of similarity.
Sell 10y SOFR swap at 3.45%
Client pays fixed on 5y ESTR swap at breakeven rate
Here is my response:

{
    "analysis": "The two trade descriptions differ in the wording and structure of the parameter description, with the first trade using 'Sell' at the beginning, while the second trade uses 'Client pays fixed' in the middle, but both convey the same meaning of selling or paying fixed, which is the key aspect to focus on, ignoring the differences in wording and position.",
    "similarity_score": 60
}

Here's my detailed justification:

Upon analyzing the two trade descriptions, I observed that the parameter description differs in wording and structure. In the first trade, "Sell" is used at the beginning of the description, whereas in the second trade, "Client pays fixed" is used in the middle. However, despite these differences, both descriptions convey the same meaning, which is that the client is selling or paying fixed.

The key aspect to focus on is the semantic meaning of the parameter description, rather than the exact wording or position. In this case, both descriptions indicate that the client is taking a specific action (selling or paying fixed), which is the essential aspect of the parameter.

While the wording and structure differ, the similarity in meaning and function of the parameter description justifies a similarity score of 60. A higher score would require more identical wording and structure, whereas a lower score would indicate more significant differences in meaning or function.
Sell 10y SOFR swap at 3.45%
SOFR swap, we receive fixed at 2.90%, 10y tenor
Here is my response:

{
    "analysis": "The similarity in the description of the parameter is influenced by the position and wording of the 'Sell' and 'Receive Fixed' phrases, which both indicate the direction of the trade, with the main difference being the use of 'Sell' as a standalone verb versus 'Receive Fixed' as a phrase, resulting in a moderate similarity score.",
    "similarity_score": 60
}

Here's a breakdown of my analysis:

* Both trade descriptions place the parameter at the beginning of the sentence, which suggests a similar structure.
* The wording of the parameter is similar in that both "Sell" and "Receive Fixed" convey the direction of the trade.
* However, the use of "Sell" as a standalone verb versus "Receive Fixed" as a phrase introduces some difference in the format.
* Additionally, the phrase "Receive Fixed" is more explicit in its meaning, whereas "Sell" is more concise.

Overall, while there are similarities in the structure and wording of the parameter, the differences in format and wording lead me to assign a moderate similarity score of 60.
Sell 10y SOFR swap at 3.45%
SOFR swap, we receive fixed at 2.90%, 10y tenor
Here is my response:

{
    "analysis": "The two trade descriptions differ in the placement and wording of the parameter, with the first trade using 'Sell' at the beginning, while the second trade uses 'we receive fixed' in the middle, indicating a Sell action, but the overall structure and format of the descriptions are similar, with the parameter being explicitly stated.",
    "similarity_score": 60
}

Here's a breakdown of my justification:

* The two trade descriptions differ in the placement of the parameter, with the first trade using "Sell" at the beginning, while the second trade uses "we receive fixed" in the middle. This difference in placement affects the overall structure of the descriptions.
* However, both descriptions explicitly state the parameter, which suggests a level of similarity in terms of format.
* The wording of the parameter is also different, with "Sell" being more direct, while "we receive fixed" is more descriptive. This difference in wording also affects the similarity score.
* Despite these differences, the overall format of the descriptions is similar, with the parameter being explicitly stated in both cases.

Given these factors, I assigned a similarity score of 60, indicating that while there are differences in the placement and wording of the parameter, the overall structure and format of the descriptions are similar.
Sell 10y SOFR swap at 3.45%
Vanilla swap on 3m Term SOFR at 2.90%, we pay fixed, 10y maturity
Here is my response:

```
{
    "analysis": "The similarity assessment is based on the placement of the direction parameter, where both trades start with the direction indicator, 'Sell' in the first trade and 'we pay fixed' (implying 'Buy') in the second trade, showing a similar structure and wording, although the second trade uses a more descriptive phrase, influencing the similarity score.",
    "similarity_score": 80
}
```

Here's a breakdown of my thought process:

* Both trades start with the direction indicator, which is a key similarity. This suggests that the direction parameter is considered an important aspect of the trade and is consistently placed at the beginning of the description.
* The wording of the direction indicator is similar, with "Sell" being used in the first trade and "we pay fixed" (implying "Buy") in the second trade. This shows a consistent approach to describing the direction of the trade.
* However, the second trade uses a more descriptive phrase "we pay fixed" instead of simply "Buy", which introduces some variation in the wording. This difference in wording reduces the similarity score.
* The overall format of the trade descriptions is different, with the first trade being more concise and the second trade providing more details. However, this difference does not affect the similarity assessment of the direction parameter.

Considering these factors, I assigned a similarity score of 80, indicating a strong similarity in how the direction parameter is placed within the trade description, but with some variation in wording.
Sell 10y SOFR swap at 3.45%
Vanilla swap on 3m Term SOFR at 2.90%, we pay fixed, 10y maturity
Here is my response:

{
    "analysis": "The similarity assessment is based on the placement and wording of the directionality parameter, where both trades use a verb at the beginning to indicate the direction, with 'Sell' in the first trade and 'we pay fixed' (implying 'Buy') in the second trade, showing a similar structure and wording, although with some differences in phrasing and word order.",
    "similarity_score": 80
}

Here's a breakdown of my thought process:

* Both trades use a verb at the beginning to indicate the directionality parameter, which suggests a similar structure.
* The wording is similar, with 'Sell' in the first trade and 'we pay fixed' (implying 'Buy') in the second trade, which shows a similar concept.
* However, there are some differences in phrasing and word order, with 'Sell' being a single word and 'we pay fixed' being a phrase.
* Additionally, the second trade uses 'we pay fixed' to imply 'Buy', which is not as direct as using the word 'Buy' itself.

Overall, while there are some differences in phrasing and word order, the similarity in structure and wording earns a score of 80, indicating a strong similarity but not complete identity.
