FloatLegCurrency:
  data: ''
  formatted_row: ''
FloatLegIndex:
  data: SOFR
  formatted_row: '1: Sell 10y {FloatLegIndex} swap at 3.45%'
FloatLegSpread:
  data: ''
  formatted_row: ''
FloatLegFrequency:
  data: ''
  formatted_row: ''
FloatLegDaycountBasis:
  data: ''
  formatted_row: ''
FixedLegCurrency:
  data: ''
  formatted_row: ''
FixedLegFixedRate:
  data: '3.45'
  formatted_row: '1: Sell 10y SOFR swap at {FixedLegFixedRate}%'
FixedLegFrequency:
  data: ''
  formatted_row: ''
FixedLegDaycountBasis:
  data: ''
  formatted_row: ''
StartDate:
  data: ''
  formatted_row: ''
NotionalAmount:
  data: ''
  formatted_row: ''

FloatLegCurrency:
  data: ''
  formatted_row: ''
FloatLegIndex:
  data: SOFR
  formatted_row: '1: Sell 10y {FloatLegIndex} swap at 3.45%'
FloatLegSpread:
  data: ''
  formatted_row: ''
FloatLegFrequency:
  data: ''
  formatted_row: ''
FloatLegDaycountBasis:
  data: ''
  formatted_row: ''
FixedLegCurrency:
  data: ''
  formatted_row: ''
FixedLegFixedRate:
  data: '3.45'
  formatted_row: '1: Sell 10y SOFR swap at {FixedLegFixedRate}%'
FixedLegFrequency:
  data: ''
  formatted_row: ''
FixedLegDaycountBasis:
  data: ''
  formatted_row: ''
StartDate:
  data: ''
  formatted_row: ''
NotionalAmount:
  data: ''
  formatted_row: ''

FloatLegCurrency:
  data: ''
  formatted_row: ''
FloatLegIndex:
  data: SOFR
  formatted_row: '1: Sell 10y {FloatLegIndex} swap at 3.45%'
FloatLegSpread:
  data: ''
  formatted_row: ''
FloatLegFrequency:
  data: ''
  formatted_row: ''
FloatLegDaycountBasis:
  data: ''
  formatted_row: ''
FixedLegCurrency:
  data: ''
  formatted_row: ''
FixedLegFixedRate:
  data: '3.45'
  formatted_row: '1: Sell 10y SOFR swap at {FixedLegFixedRate}%'
FixedLegFrequency:
  data: ''
  formatted_row: ''
FixedLegDaycountBasis:
  data: ''
  formatted_row: ''
StartDate:
  data: ''
  formatted_row: ''
NotionalAmount:
  data: ''
  formatted_row: ''

FloatLegCurrency:
  data: ''
  formatted_row: ''
FloatLegIndex:
  data: SOFR
  formatted_row: '1: Sell 10y {FloatLegIndex} swap at 3.45%'
FloatLegSpread:
  data: ''
  formatted_row: ''
FloatLegFrequency:
  data: ''
  formatted_row: ''
FloatLegDaycountBasis:
  data: ''
  formatted_row: ''
FixedLegCurrency:
  data: ''
  formatted_row: ''
FixedLegFixedRate:
  data: '3.45'
  formatted_row: '1: Sell 10y SOFR swap at {FixedLegFixedRate}%'
FixedLegFrequency:
  data: ''
  formatted_row: ''
FixedLegDaycountBasis:
  data: ''
  formatted_row: ''
StartDate:
  data: ''
  formatted_row: ''
NotionalAmount:
  data: ''
  formatted_row: ''

FloatLegCurrency:
  data: ''
  formatted_row: ''
FloatLegIndex:
  data: SOFR
  formatted_row: '1: Sell 10y {FloatLegIndex} swap at 3.45%'
FloatLegSpread:
  data: ''
  formatted_row: ''
FloatLegFrequency:
  data: ''
  formatted_row: ''
FloatLegDaycountBasis:
  data: ''
  formatted_row: ''
FixedLegCurrency:
  data: ''
  formatted_row: ''
FixedLegFixedRate:
  data: '3.45'
  formatted_row: '1: Sell 10y SOFR swap at {FixedLegFixedRate}%'
FixedLegFrequency:
  data: ''
  formatted_row: ''
FixedLegDaycountBasis:
  data: ''
  formatted_row: ''
StartDate:
  data: ''
  formatted_row: ''
NotionalAmount:
  data: ''
  formatted_row: ''

FloatLegCurrency:
  data: ''
  formatted_row: ''
FloatLegIndex:
  data: SOFR
  formatted_row: '1: Sell 10y {FloatLegIndex} swap at 3.45%'
FloatLegSpread:
  data: ''
  formatted_row: ''
FloatLegFrequency:
  data: ''
  formatted_row: ''
FloatLegDaycountBasis:
  data: ''
  formatted_row: ''
FixedLegCurrency:
  data: ''
  formatted_row: ''
FixedLegFixedRate:
  data: '3.45'
  formatted_row: '1: Sell 10y SOFR swap at {FixedLegFixedRate}%'
FixedLegFrequency:
  data: ''
  formatted_row: ''
FixedLegDaycountBasis:
  data: ''
  formatted_row: ''
StartDate:
  data: ''
  formatted_row: ''
NotionalAmount:
  data: ''
  formatted_row: ''

FloatLegCurrency:
  data: ''
  formatted_row: ''
FloatLegIndex:
  data: SOFR
  formatted_row: '1: Sell 10y {FloatLegIndex} swap at 3.45%'
FloatLegSpread:
  data: ''
  formatted_row: ''
FloatLegFrequency:
  data: ''
  formatted_row: ''
FloatLegDaycountBasis:
  data: ''
  formatted_row: ''
FixedLegCurrency:
  data: ''
  formatted_row: ''
FixedLegFixedRate:
  data: '3.45'
  formatted_row: '1: Sell 10y SOFR swap at {FixedLegFixedRate}%'
FixedLegFrequency:
  data: ''
  formatted_row: ''
FixedLegDaycountBasis:
  data: ''
  formatted_row: ''
StartDate:
  data: ''
  formatted_row: ''
NotionalAmount:
  data: ''
  formatted_row: ''

FloatLegCurrency:
  data: ''
  formatted_row: ''
FloatLegIndex:
  data: SOFR
  formatted_row: '1: Sell 10y {FloatLegIndex} swap at 3.45%'
FloatLegSpread:
  data: ''
  formatted_row: ''
FloatLegFrequency:
  data: ''
  formatted_row: ''
FloatLegDaycountBasis:
  data: ''
  formatted_row: ''
FixedLegCurrency:
  data: ''
  formatted_row: ''
FixedLegFixedRate:
  data: '3.45'
  formatted_row: '1: Sell 10y SOFR swap at {FixedLegFixedRate}%'
FixedLegFrequency:
  data: ''
  formatted_row: ''
FixedLegDaycountBasis:
  data: ''
  formatted_row: ''
StartDate:
  data: ''
  formatted_row: ''
NotionalAmount:
  data: ''
  formatted_row: ''

FloatLegCurrency:
  data: ''
  formatted_row: ''
FloatLegIndex:
  data: SOFR
  formatted_row: '1: Sell 10y {FloatLegIndex} swap at 3.45%'
FloatLegSpread:
  data: ''
  formatted_row: ''
FloatLegFrequency:
  data: ''
  formatted_row: ''
FloatLegDaycountBasis:
  data: ''
  formatted_row: ''
FixedLegCurrency:
  data: ''
  formatted_row: ''
FixedLegFixedRate:
  data: '3.45'
  formatted_row: '1: Sell 10y SOFR swap at {FixedLegFixedRate}%'
FixedLegFrequency:
  data: ''
  formatted_row: ''
FixedLegDaycountBasis:
  data: ''
  formatted_row: ''
StartDate:
  data: ''
  formatted_row: ''
NotionalAmount:
  data: ''
  formatted_row: ''

FloatLegCurrency:
  data: ''
  formatted_row: ''
FloatLegIndex:
  data: SOFR
  formatted_row: '1: Sell 10y {FloatLegIndex} swap at 3.45%'
FloatLegSpread:
  data: ''
  formatted_row: ''
FloatLegFrequency:
  data: ''
  formatted_row: ''
FloatLegDaycountBasis:
  data: ''
  formatted_row: ''
FixedLegCurrency:
  data: ''
  formatted_row: ''
FixedLegFixedRate:
  data: '3.45'
  formatted_row: '1: Sell 10y SOFR swap at {FixedLegFixedRate}%'
FixedLegFrequency:
  data: ''
  formatted_row: ''
FixedLegDaycountBasis:
  data: ''
  formatted_row: ''
StartDate:
  data: ''
  formatted_row: ''
NotionalAmount:
  data: ''
  formatted_row: ''

FloatLegCurrency:
  data: ''
  formatted_row: ''
FloatLegIndex:
  data: SOFR
  formatted_row: '1: Sell 10y {FloatLegIndex} swap at 3.45%'
FloatLegSpread:
  data: ''
  formatted_row: ''
FloatLegFrequency:
  data: ''
  formatted_row: ''
FloatLegDaycountBasis:
  data: ''
  formatted_row: ''
FixedLegCurrency:
  data: ''
  formatted_row: ''
FixedLegFixedRate:
  data: '3.45'
  formatted_row: '1: Sell 10y SOFR swap at {FixedLegFixedRate}%'
FixedLegFrequency:
  data: ''
  formatted_row: ''
FixedLegDaycountBasis:
  data: ''
  formatted_row: ''
StartDate:
  data: ''
  formatted_row: ''
NotionalAmount:
  data: ''
  formatted_row: ''

FloatLegCurrency:
  data: ''
  formatted_row: ''
FloatLegIndex:
  data: SOFR
  formatted_row: '1: Sell 10y {FloatLegIndex} swap at 3.45%'
FloatLegSpread:
  data: ''
  formatted_row: ''
FloatLegFrequency:
  data: ''
  formatted_row: ''
FloatLegDaycountBasis:
  data: ''
  formatted_row: ''
FixedLegCurrency:
  data: ''
  formatted_row: ''
FixedLegFixedRate:
  data: '3.45'
  formatted_row: '1: Sell 10y SOFR swap at {FixedLegFixedRate}%'
FixedLegFrequency:
  data: ''
  formatted_row: ''
FixedLegDaycountBasis:
  data: ''
  formatted_row: ''
StartDate:
  data: ''
  formatted_row: ''
NotionalAmount:
  data: ''
  formatted_row: ''

FloatLegCurrency:
  data: ''
  formatted_row: ''
FloatLegIndex:
  data: SOFR
  formatted_row: '1: Sell 10y {FloatLegIndex} swap at 3.45%'
FloatLegSpread:
  data: ''
  formatted_row: ''
FloatLegFrequency:
  data: ''
  formatted_row: ''
FloatLegDaycountBasis:
  data: ''
  formatted_row: ''
FixedLegCurrency:
  data: ''
  formatted_row: ''
FixedLegFixedRate:
  data: '3.45'
  formatted_row: '1: Sell 10y SOFR swap at {FixedLegFixedRate}%'
FixedLegFrequency:
  data: ''
  formatted_row: ''
FixedLegDaycountBasis:
  data: ''
  formatted_row: ''
StartDate:
  data: ''
  formatted_row: ''
NotionalAmount:
  data: ''
  formatted_row: ''

FloatLegCurrency:
  data: ''
  formatted_row: ''
FloatLegIndex:
  data: SOFR
  formatted_row: '1: Sell 10y {FloatLegIndex} swap at 3.45%'
FloatLegSpread:
  data: ''
  formatted_row: ''
FloatLegFrequency:
  data: ''
  formatted_row: ''
FloatLegDaycountBasis:
  data: ''
  formatted_row: ''
FixedLegCurrency:
  data: ''
  formatted_row: ''
FixedLegFixedRate:
  data: '3.45'
  formatted_row: '1: Sell 10y SOFR swap at {FixedLegFixedRate}%'
FixedLegFrequency:
  data: ''
  formatted_row: ''
FixedLegDaycountBasis:
  data: ''
  formatted_row: ''
StartDate:
  data: ''
  formatted_row: ''
NotionalAmount:
  data: ''
  formatted_row: ''

FloatLegCurrency:
  data: ''
  formatted_row: ''
FloatLegIndex:
  data: SOFR
  formatted_row: '1: Sell 10y {FloatLegIndex} swap at 3.45%'
FloatLegSpread:
  data: ''
  formatted_row: ''
FloatLegFrequency:
  data: ''
  formatted_row: ''
FloatLegDaycountBasis:
  data: ''
  formatted_row: ''
FixedLegCurrency:
  data: ''
  formatted_row: ''
FixedLegFixedRate:
  data: '3.45'
  formatted_row: '1: Sell 10y SOFR swap at {FixedLegFixedRate}%'
FixedLegFrequency:
  data: ''
  formatted_row: ''
FixedLegDaycountBasis:
  data: ''
  formatted_row: ''
StartDate:
  data: ''
  formatted_row: ''
NotionalAmount:
  data: ''
  formatted_row: ''

FloatLegCurrency:
  data: ''
  formatted_row: ''
FloatLegIndex:
  data: SOFR
  formatted_row: '1: Sell 10y {FloatLegIndex} swap at 3.45%'
FloatLegSpread:
  data: ''
  formatted_row: ''
FloatLegFrequency:
  data: ''
  formatted_row: ''
FloatLegDaycountBasis:
  data: ''
  formatted_row: ''
FixedLegCurrency:
  data: ''
  formatted_row: ''
FixedLegFixedRate:
  data: '3.45'
  formatted_row: '1: Sell 10y SOFR swap at {FixedLegFixedRate}%'
FixedLegFrequency:
  data: ''
  formatted_row: ''
FixedLegDaycountBasis:
  data: ''
  formatted_row: ''
StartDate:
  data: ''
  formatted_row: ''
NotionalAmount:
  data: ''
  formatted_row: ''

FloatLegCurrency:
  data: ''
  formatted_row: ''
FloatLegIndex:
  data: SOFR
  formatted_row: '1: Sell 10y {FloatLegIndex} swap at 3.45%'
FloatLegSpread:
  data: ''
  formatted_row: ''
FloatLegFrequency:
  data: ''
  formatted_row: ''
FloatLegDaycountBasis:
  data: ''
  formatted_row: ''
FixedLegCurrency:
  data: ''
  formatted_row: ''
FixedLegFixedRate:
  data: '3.45'
  formatted_row: '1: Sell 10y SOFR swap at {FixedLegFixedRate}%'
FixedLegFrequency:
  data: ''
  formatted_row: ''
FixedLegDaycountBasis:
  data: ''
  formatted_row: ''
StartDate:
  data: ''
  formatted_row: ''
NotionalAmount:
  data: ''
  formatted_row: ''

FloatLegCurrency:
  data: ''
  formatted_row: ''
FloatLegIndex:
  data: SOFR
  formatted_row: '1: Sell 10y {FloatLegIndex} swap at 3.45%'
FloatLegSpread:
  data: ''
  formatted_row: ''
FloatLegFrequency:
  data: ''
  formatted_row: ''
FloatLegDaycountBasis:
  data: ''
  formatted_row: ''
FixedLegCurrency:
  data: ''
  formatted_row: ''
FixedLegFixedRate:
  data: '3.45'
  formatted_row: '1: Sell 10y SOFR swap at {FixedLegFixedRate}%'
FixedLegFrequency:
  data: ''
  formatted_row: ''
FixedLegDaycountBasis:
  data: ''
  formatted_row: ''
StartDate:
  data: ''
  formatted_row: ''
NotionalAmount:
  data: ''
  formatted_row: ''

FloatLegCurrency:
  data: ''
  formatted_row: ''
FloatLegIndex:
  data: SOFR
  formatted_row: '1: Sell 10y {FloatLegIndex} swap at 3.45%'
FloatLegSpread:
  data: ''
  formatted_row: ''
FloatLegFrequency:
  data: ''
  formatted_row: ''
FloatLegDaycountBasis:
  data: ''
  formatted_row: ''
FixedLegCurrency:
  data: ''
  formatted_row: ''
FixedLegFixedRate:
  data: '3.45'
  formatted_row: '1: Sell 10y SOFR swap at {FixedLegFixedRate}%'
FixedLegFrequency:
  data: ''
  formatted_row: ''
FixedLegDaycountBasis:
  data: ''
  formatted_row: ''
StartDate:
  data: ''
  formatted_row: ''
NotionalAmount:
  data: ''
  formatted_row: ''

FloatLegCurrency:
  data: ''
  formatted_row: ''
FloatLegIndex:
  data: SOFR
  formatted_row: '1: Sell 10y {FloatLegIndex} swap at 3.45%'
FloatLegSpread:
  data: ''
  formatted_row: ''
FloatLegFrequency:
  data: ''
  formatted_row: ''
FloatLegDaycountBasis:
  data: ''
  formatted_row: ''
FixedLegCurrency:
  data: ''
  formatted_row: ''
FixedLegFixedRate:
  data: '3.45'
  formatted_row: '1: Sell 10y SOFR swap at {FixedLegFixedRate}%'
FixedLegFrequency:
  data: ''
  formatted_row: ''
FixedLegDaycountBasis:
  data: ''
  formatted_row: ''
StartDate:
  data: ''
  formatted_row: ''
NotionalAmount:
  data: ''
  formatted_row: ''

FloatLegCurrency:
  data: ''
  formatted_row: ''
FloatLegIndex:
  data: SOFR
  formatted_row: '1: Sell 10y {FloatLegIndex} swap at 3.45%'
FloatLegSpread:
  data: ''
  formatted_row: ''
FloatLegFrequency:
  data: ''
  formatted_row: ''
FloatLegDaycountBasis:
  data: ''
  formatted_row: ''
FixedLegCurrency:
  data: ''
  formatted_row: ''
FixedLegFixedRate:
  data: '3.45'
  formatted_row: '1: Sell 10y SOFR swap at {FixedLegFixedRate}%'
FixedLegFrequency:
  data: ''
  formatted_row: ''
FixedLegDaycountBasis:
  data: ''
  formatted_row: ''
StartDate:
  data: ''
  formatted_row: ''
NotionalAmount:
  data: ''
  formatted_row: ''

FloatLegCurrency:
  data: ''
  formatted_row: ''
FloatLegIndex:
  data: SOFR
  formatted_row: '1: Sell 10y {FloatLegIndex} swap at 3.45%'
FloatLegSpread:
  data: ''
  formatted_row: ''
FloatLegFrequency:
  data: ''
  formatted_row: ''
FloatLegDaycountBasis:
  data: ''
  formatted_row: ''
FixedLegCurrency:
  data: ''
  formatted_row: ''
FixedLegFixedRate:
  data: '3.45'
  formatted_row: '1: Sell 10y SOFR swap at {FixedLegFixedRate}%'
FixedLegFrequency:
  data: ''
  formatted_row: ''
FixedLegDaycountBasis:
  data: ''
  formatted_row: ''
StartDate:
  data: ''
  formatted_row: ''
NotionalAmount:
  data: ''
  formatted_row: ''

FloatLegCurrency:
  data: ''
  formatted_row: ''
FloatLegIndex:
  data: SOFR
  formatted_row: '1: Sell 10y {FloatLegIndex} swap at 3.45%'
FloatLegSpread:
  data: ''
  formatted_row: ''
FloatLegFrequency:
  data: ''
  formatted_row: ''
FloatLegDaycountBasis:
  data: ''
  formatted_row: ''
FixedLegCurrency:
  data: ''
  formatted_row: ''
FixedLegFixedRate:
  data: '3.45'
  formatted_row: '1: Sell 10y SOFR swap at {FixedLegFixedRate}%'
FixedLegFrequency:
  data: ''
  formatted_row: ''
FixedLegDaycountBasis:
  data: ''
  formatted_row: ''
StartDate:
  data: ''
  formatted_row: ''
NotionalAmount:
  data: ''
  formatted_row: ''

FloatLegCurrency:
  data: ''
  formatted_row: ''
FloatLegIndex:
  data: SOFR
  formatted_row: '1: Sell 10y {FloatLegIndex} swap at 3.45%'
FloatLegSpread:
  data: ''
  formatted_row: ''
FloatLegFrequency:
  data: ''
  formatted_row: ''
FloatLegDaycountBasis:
  data: ''
  formatted_row: ''
FixedLegCurrency:
  data: ''
  formatted_row: ''
FixedLegFixedRate:
  data: '3.45'
  formatted_row: '1: Sell 10y SOFR swap at {FixedLegFixedRate}%'
FixedLegFrequency:
  data: ''
  formatted_row: ''
FixedLegDaycountBasis:
  data: ''
  formatted_row: ''
StartDate:
  data: ''
  formatted_row: ''
NotionalAmount:
  data: ''
  formatted_row: ''

FloatLegCurrency:
  data: ''
  formatted_row: ''
FloatLegIndex:
  data: SOFR
  formatted_row: '1: Sell 10y {FloatLegIndex} swap at 3.45%'
FloatLegSpread:
  data: ''
  formatted_row: ''
FloatLegFrequency:
  data: ''
  formatted_row: ''
FloatLegDaycountBasis:
  data: ''
  formatted_row: ''
FixedLegCurrency:
  data: ''
  formatted_row: ''
FixedLegFixedRate:
  data: '3.45'
  formatted_row: '1: Sell 10y SOFR swap at {FixedLegFixedRate}%'
FixedLegFrequency:
  data: ''
  formatted_row: ''
FixedLegDaycountBasis:
  data: ''
  formatted_row: ''
StartDate:
  data: ''
  formatted_row: ''
NotionalAmount:
  data: ''
  formatted_row: ''

FloatLegCurrency:
  data: ''
  formatted_row: ''
FloatLegIndex:
  data: SOFR
  formatted_row: '1: Sell 10y {FloatLegIndex} swap at 3.45%'
FloatLegSpread:
  data: ''
  formatted_row: ''
FloatLegFrequency:
  data: ''
  formatted_row: ''
FloatLegDaycountBasis:
  data: ''
  formatted_row: ''
FixedLegCurrency:
  data: ''
  formatted_row: ''
FixedLegFixedRate:
  data: '3.45'
  formatted_row: '1: Sell 10y SOFR swap at {FixedLegFixedRate}%'
FixedLegFrequency:
  data: ''
  formatted_row: ''
FixedLegDaycountBasis:
  data: ''
  formatted_row: ''
StartDate:
  data: ''
  formatted_row: ''
NotionalAmount:
  data: ''
  formatted_row: ''

FloatLegCurrency:
  data: ''
  formatted_row: ''
FloatLegIndex:
  data: SOFR
  formatted_row: '1: Sell 10y {FloatLegIndex} swap at 3.45%'
FloatLegSpread:
  data: ''
  formatted_row: ''
FloatLegFrequency:
  data: ''
  formatted_row: ''
FloatLegDaycountBasis:
  data: ''
  formatted_row: ''
FixedLegCurrency:
  data: ''
  formatted_row: ''
FixedLegFixedRate:
  data: '3.45'
  formatted_row: '1: Sell 10y SOFR swap at {FixedLegFixedRate}%'
FixedLegFrequency:
  data: ''
  formatted_row: ''
FixedLegDaycountBasis:
  data: ''
  formatted_row: ''
StartDate:
  data: ''
  formatted_row: ''
NotionalAmount:
  data: ''
  formatted_row: ''

FloatLegCurrency:
  data: ''
  formatted_row: ''
FloatLegIndex:
  data: SOFR
  formatted_row: '1: Sell 10y {FloatLegIndex} swap at 3.45%'
FloatLegSpread:
  data: ''
  formatted_row: ''
FloatLegFrequency:
  data: ''
  formatted_row: ''
FloatLegDaycountBasis:
  data: ''
  formatted_row: ''
FixedLegCurrency:
  data: ''
  formatted_row: ''
FixedLegFixedRate:
  data: '3.45'
  formatted_row: '1: Sell 10y SOFR swap at {FixedLegFixedRate}%'
FixedLegFrequency:
  data: ''
  formatted_row: ''
FixedLegDaycountBasis:
  data: ''
  formatted_row: ''
StartDate:
  data: ''
  formatted_row: ''
NotionalAmount:
  data: ''
  formatted_row: ''

FloatLegCurrency:
  data: ''
  formatted_row: ''
FloatLegIndex:
  data: SOFR
  formatted_row: '1: Sell 10y {FloatLegIndex} swap at 3.45%'
FloatLegSpread:
  data: ''
  formatted_row: ''
FloatLegFrequency:
  data: ''
  formatted_row: ''
FloatLegDaycountBasis:
  data: ''
  formatted_row: ''
FixedLegCurrency:
  data: ''
  formatted_row: ''
FixedLegFixedRate:
  data: '3.45'
  formatted_row: '1: Sell 10y SOFR swap at {FixedLegFixedRate}%'
FixedLegFrequency:
  data: ''
  formatted_row: ''
FixedLegDaycountBasis:
  data: ''
  formatted_row: ''
StartDate:
  data: ''
  formatted_row: ''
NotionalAmount:
  data: ''
  formatted_row: ''

FloatLegCurrency:
  data: ''
  formatted_row: ''
FloatLegIndex:
  data: SOFR
  formatted_row: '1: Sell 10y {FloatLegIndex} swap at 3.45%'
FloatLegSpread:
  data: ''
  formatted_row: ''
FloatLegFrequency:
  data: ''
  formatted_row: ''
FloatLegDaycountBasis:
  data: ''
  formatted_row: ''
FixedLegCurrency:
  data: ''
  formatted_row: ''
FixedLegFixedRate:
  data: '3.45'
  formatted_row: '1: Sell 10y SOFR swap at {FixedLegFixedRate}%'
FixedLegFrequency:
  data: ''
  formatted_row: ''
FixedLegDaycountBasis:
  data: ''
  formatted_row: ''
StartDate:
  data: ''
  formatted_row: ''
NotionalAmount:
  data: ''
  formatted_row: ''

FloatLegCurrency:
  data: ''
  formatted_row: ''
FloatLegIndex:
  data: SOFR
  formatted_row: '1: Sell 10y {FloatLegIndex} swap at 3.45%'
FloatLegSpread:
  data: ''
  formatted_row: ''
FloatLegFrequency:
  data: ''
  formatted_row: ''
FloatLegDaycountBasis:
  data: ''
  formatted_row: ''
FixedLegCurrency:
  data: ''
  formatted_row: ''
FixedLegFixedRate:
  data: '3.45'
  formatted_row: '1: Sell 10y SOFR swap at {FixedLegFixedRate}%'
FixedLegFrequency:
  data: ''
  formatted_row: ''
FixedLegDaycountBasis:
  data: ''
  formatted_row: ''
StartDate:
  data: ''
  formatted_row: ''
NotionalAmount:
  data: ''
  formatted_row: ''

FloatLegCurrency:
  data: ''
  formatted_row: ''
FloatLegIndex:
  data: SOFR
  formatted_row: '1: Sell 10y {FloatLegIndex} swap at 3.45%'
FloatLegSpread:
  data: ''
  formatted_row: ''
FloatLegFrequency:
  data: ''
  formatted_row: ''
FloatLegDaycountBasis:
  data: ''
  formatted_row: ''
FixedLegCurrency:
  data: ''
  formatted_row: ''
FixedLegFixedRate:
  data: '3.45'
  formatted_row: '1: Sell 10y SOFR swap at {FixedLegFixedRate}%'
FixedLegFrequency:
  data: ''
  formatted_row: ''
FixedLegDaycountBasis:
  data: ''
  formatted_row: ''
StartDate:
  data: ''
  formatted_row: ''
NotionalAmount:
  data: ''
  formatted_row: ''

FloatLegCurrency:
  data: ''
  formatted_row: ''
FloatLegIndex:
  data: SOFR
  formatted_row: '1: Sell 10y {FloatLegIndex} swap at 3.45%'
FloatLegSpread:
  data: ''
  formatted_row: ''
FloatLegFrequency:
  data: ''
  formatted_row: ''
FloatLegDaycountBasis:
  data: ''
  formatted_row: ''
FixedLegCurrency:
  data: ''
  formatted_row: ''
FixedLegFixedRate:
  data: '3.45'
  formatted_row: '1: Sell 10y SOFR swap at {FixedLegFixedRate}%'
FixedLegFrequency:
  data: ''
  formatted_row: ''
FixedLegDaycountBasis:
  data: ''
  formatted_row: ''
StartDate:
  data: ''
  formatted_row: ''
NotionalAmount:
  data: ''
  formatted_row: ''

FloatLegCurrency:
  data: ''
  formatted_row: ''
FloatLegIndex:
  data: SOFR
  formatted_row: '1: Sell 10y {FloatLegIndex} swap at 3.45%'
FloatLegSpread:
  data: ''
  formatted_row: ''
FloatLegFrequency:
  data: ''
  formatted_row: ''
FloatLegDaycountBasis:
  data: ''
  formatted_row: ''
FixedLegCurrency:
  data: ''
  formatted_row: ''
FixedLegFixedRate:
  data: '3.45'
  formatted_row: '1: Sell 10y SOFR swap at {FixedLegFixedRate}%'
FixedLegFrequency:
  data: ''
  formatted_row: ''
FixedLegDaycountBasis:
  data: ''
  formatted_row: ''
StartDate:
  data: ''
  formatted_row: ''
NotionalAmount:
  data: ''
  formatted_row: ''

FloatLegCurrency:
  data: ''
  formatted_row: ''
FloatLegIndex:
  data: SOFR
  formatted_row: '1: Sell 10y {FloatLegIndex} swap at 3.45%'
FloatLegSpread:
  data: ''
  formatted_row: ''
FloatLegFrequency:
  data: ''
  formatted_row: ''
FloatLegDaycountBasis:
  data: ''
  formatted_row: ''
FixedLegCurrency:
  data: ''
  formatted_row: ''
FixedLegFixedRate:
  data: '3.45'
  formatted_row: '1: Sell 10y SOFR swap at {FixedLegFixedRate}%'
FixedLegFrequency:
  data: ''
  formatted_row: ''
FixedLegDaycountBasis:
  data: ''
  formatted_row: ''
StartDate:
  data: ''
  formatted_row: ''
NotionalAmount:
  data: ''
  formatted_row: ''

FloatLegCurrency:
  data: ''
  formatted_row: ''
FloatLegIndex:
  data: SOFR
  formatted_row: '1: Sell 10y {FloatLegIndex} swap at 3.45%'
FloatLegSpread:
  data: ''
  formatted_row: ''
FloatLegFrequency:
  data: ''
  formatted_row: ''
FloatLegDaycountBasis:
  data: ''
  formatted_row: ''
FixedLegCurrency:
  data: ''
  formatted_row: ''
FixedLegFixedRate:
  data: '3.45'
  formatted_row: '1: Sell 10y SOFR swap at {FixedLegFixedRate}%'
FixedLegFrequency:
  data: ''
  formatted_row: ''
FixedLegDaycountBasis:
  data: ''
  formatted_row: ''
StartDate:
  data: ''
  formatted_row: ''
NotionalAmount:
  data: ''
  formatted_row: ''

FloatLegCurrency:
  data: ''
  formatted_row: ''
FloatLegIndex:
  data: SOFR
  formatted_row: '1: Sell 10y {FloatLegIndex} swap at 3.45%'
FloatLegSpread:
  data: ''
  formatted_row: ''
FloatLegFrequency:
  data: ''
  formatted_row: ''
FloatLegDaycountBasis:
  data: ''
  formatted_row: ''
FixedLegCurrency:
  data: ''
  formatted_row: ''
FixedLegFixedRate:
  data: '3.45'
  formatted_row: '1: Sell 10y SOFR swap at {FixedLegFixedRate}%'
FixedLegFrequency:
  data: ''
  formatted_row: ''
FixedLegDaycountBasis:
  data: ''
  formatted_row: ''
StartDate:
  data: ''
  formatted_row: ''
NotionalAmount:
  data: ''
  formatted_row: ''

FloatLegCurrency:
  data: ''
  formatted_row: ''
FloatLegIndex:
  data: SOFR
  formatted_row: '1: Sell 10y {FloatLegIndex} swap at 3.45%'
FloatLegSpread:
  data: ''
  formatted_row: ''
FloatLegFrequency:
  data: ''
  formatted_row: ''
FloatLegDaycountBasis:
  data: ''
  formatted_row: ''
FixedLegCurrency:
  data: ''
  formatted_row: ''
FixedLegFixedRate:
  data: '3.45'
  formatted_row: '1: Sell 10y SOFR swap at {FixedLegFixedRate}%'
FixedLegFrequency:
  data: ''
  formatted_row: ''
FixedLegDaycountBasis:
  data: ''
  formatted_row: ''
StartDate:
  data: ''
  formatted_row: ''
NotionalAmount:
  data: ''
  formatted_row: ''

FloatLegCurrency:
  data: ''
  formatted_row: ''
FloatLegIndex:
  data: SOFR
  formatted_row: '1: Sell 10y {FloatLegIndex} swap at 3.45%'
FloatLegSpread:
  data: ''
  formatted_row: ''
FloatLegFrequency:
  data: ''
  formatted_row: ''
FloatLegDaycountBasis:
  data: ''
  formatted_row: ''
FixedLegCurrency:
  data: ''
  formatted_row: ''
FixedLegFixedRate:
  data: '3.45'
  formatted_row: '1: Sell 10y SOFR swap at {FixedLegFixedRate}%'
FixedLegFrequency:
  data: ''
  formatted_row: ''
FixedLegDaycountBasis:
  data: ''
  formatted_row: ''
StartDate:
  data: ''
  formatted_row: ''
NotionalAmount:
  data: ''
  formatted_row: ''

FloatLegCurrency:
  data: ''
  formatted_row: ''
FloatLegIndex:
  data: SOFR
  formatted_row: '1: Sell 10y {FloatLegIndex} swap at 3.45%'
FloatLegSpread:
  data: ''
  formatted_row: ''
FloatLegFrequency:
  data: ''
  formatted_row: ''
FloatLegDaycountBasis:
  data: ''
  formatted_row: ''
FixedLegCurrency:
  data: ''
  formatted_row: ''
FixedLegFixedRate:
  data: '3.45'
  formatted_row: '1: Sell 10y SOFR swap at {FixedLegFixedRate}%'
FixedLegFrequency:
  data: ''
  formatted_row: ''
FixedLegDaycountBasis:
  data: ''
  formatted_row: ''
StartDate:
  data: ''
  formatted_row: ''
NotionalAmount:
  data: ''
  formatted_row: ''

FloatLegCurrency:
  data: ''
  formatted_row: ''
FloatLegIndex:
  data: SOFR
  formatted_row: '1: Sell 10y {FloatLegIndex} swap at 3.45%'
FloatLegSpread:
  data: ''
  formatted_row: ''
FloatLegFrequency:
  data: ''
  formatted_row: ''
FloatLegDaycountBasis:
  data: ''
  formatted_row: ''
FixedLegCurrency:
  data: ''
  formatted_row: ''
FixedLegFixedRate:
  data: '3.45'
  formatted_row: '1: Sell 10y SOFR swap at {FixedLegFixedRate}%'
FixedLegFrequency:
  data: ''
  formatted_row: ''
FixedLegDaycountBasis:
  data: ''
  formatted_row: ''
StartDate:
  data: ''
  formatted_row: ''
NotionalAmount:
  data: ''
  formatted_row: ''

FloatLegCurrency:
  data: ''
  formatted_row: ''
FloatLegIndex:
  data: SOFR
  formatted_row: '1: Sell 10y {FloatLegIndex} swap at 3.45%'
FloatLegSpread:
  data: ''
  formatted_row: ''
FloatLegFrequency:
  data: ''
  formatted_row: ''
FloatLegDaycountBasis:
  data: ''
  formatted_row: ''
FixedLegCurrency:
  data: ''
  formatted_row: ''
FixedLegFixedRate:
  data: '3.45'
  formatted_row: '1: Sell 10y SOFR swap at {FixedLegFixedRate}%'
FixedLegFrequency:
  data: ''
  formatted_row: ''
FixedLegDaycountBasis:
  data: ''
  formatted_row: ''
StartDate:
  data: ''
  formatted_row: ''
NotionalAmount:
  data: ''
  formatted_row: ''

FloatLegCurrency:
  data: ''
  formatted_row: ''
FloatLegIndex:
  data: SOFR
  formatted_row: '1: Sell 10y {FloatLegIndex} swap at 3.45%'
FloatLegSpread:
  data: ''
  formatted_row: ''
FloatLegFrequency:
  data: ''
  formatted_row: ''
FloatLegDaycountBasis:
  data: ''
  formatted_row: ''
FixedLegCurrency:
  data: ''
  formatted_row: ''
FixedLegFixedRate:
  data: '3.45'
  formatted_row: '1: Sell 10y SOFR swap at {FixedLegFixedRate}%'
FixedLegFrequency:
  data: ''
  formatted_row: ''
FixedLegDaycountBasis:
  data: ''
  formatted_row: ''
StartDate:
  data: ''
  formatted_row: ''
NotionalAmount:
  data: ''
  formatted_row: ''

FloatLegCurrency:
  data: ''
  formatted_row: ''
FloatLegIndex:
  data: SOFR
  formatted_row: '1: Sell 10y {FloatLegIndex} swap at 3.45%'
FloatLegSpread:
  data: ''
  formatted_row: ''
FloatLegFrequency:
  data: ''
  formatted_row: ''
FloatLegDaycountBasis:
  data: ''
  formatted_row: ''
FixedLegCurrency:
  data: ''
  formatted_row: ''
FixedLegFixedRate:
  data: '3.45'
  formatted_row: '1: Sell 10y SOFR swap at {FixedLegFixedRate}%'
FixedLegFrequency:
  data: ''
  formatted_row: ''
FixedLegDaycountBasis:
  data: ''
  formatted_row: ''
StartDate:
  data: ''
  formatted_row: ''
NotionalAmount:
  data: ''
  formatted_row: ''

FloatLegCurrency:
  data: ''
  formatted_row: ''
FloatLegIndex:
  data: SOFR
  formatted_row: '1: Sell 10y {FloatLegIndex} swap at 3.45%'
FloatLegSpread:
  data: ''
  formatted_row: ''
FloatLegFrequency:
  data: ''
  formatted_row: ''
FloatLegDaycountBasis:
  data: ''
  formatted_row: ''
FixedLegCurrency:
  data: ''
  formatted_row: ''
FixedLegFixedRate:
  data: '3.45'
  formatted_row: '1: Sell 10y SOFR swap at {FixedLegFixedRate}%'
FixedLegFrequency:
  data: ''
  formatted_row: ''
FixedLegDaycountBasis:
  data: ''
  formatted_row: ''
StartDate:
  data: ''
  formatted_row: ''
NotionalAmount:
  data: ''
  formatted_row: ''

FloatLegCurrency:
  data: ''
  formatted_row: ''
FloatLegIndex:
  data: SOFR
  formatted_row: '1: Sell 10y {FloatLegIndex} swap at 3.45%'
FloatLegSpread:
  data: ''
  formatted_row: ''
FloatLegFrequency:
  data: ''
  formatted_row: ''
FloatLegDaycountBasis:
  data: ''
  formatted_row: ''
FixedLegCurrency:
  data: ''
  formatted_row: ''
FixedLegFixedRate:
  data: '3.45'
  formatted_row: '1: Sell 10y SOFR swap at {FixedLegFixedRate}%'
FixedLegFrequency:
  data: ''
  formatted_row: ''
FixedLegDaycountBasis:
  data: ''
  formatted_row: ''
StartDate:
  data: ''
  formatted_row: ''
NotionalAmount:
  data: ''
  formatted_row: ''

FloatLegCurrency:
  data: ''
  formatted_row: ''
FloatLegIndex:
  data: SOFR
  formatted_row: '1: Sell 10y {FloatLegIndex} swap at 3.45%'
FloatLegSpread:
  data: ''
  formatted_row: ''
FloatLegFrequency:
  data: ''
  formatted_row: ''
FloatLegDaycountBasis:
  data: ''
  formatted_row: ''
FixedLegCurrency:
  data: ''
  formatted_row: ''
FixedLegFixedRate:
  data: '3.45'
  formatted_row: '1: Sell 10y SOFR swap at {FixedLegFixedRate}%'
FixedLegFrequency:
  data: ''
  formatted_row: ''
FixedLegDaycountBasis:
  data: ''
  formatted_row: ''
StartDate:
  data: ''
  formatted_row: ''
NotionalAmount:
  data: ''
  formatted_row: ''

FloatLegCurrency:
  data: ''
  formatted_row: ''
FloatLegIndex:
  data: SOFR
  formatted_row: '1: Sell 10y {FloatLegIndex} swap at 3.45%'
FloatLegSpread:
  data: ''
  formatted_row: ''
FloatLegFrequency:
  data: ''
  formatted_row: ''
FloatLegDaycountBasis:
  data: ''
  formatted_row: ''
FixedLegCurrency:
  data: ''
  formatted_row: ''
FixedLegFixedRate:
  data: '3.45'
  formatted_row: '1: Sell 10y SOFR swap at {FixedLegFixedRate}%'
FixedLegFrequency:
  data: ''
  formatted_row: ''
FixedLegDaycountBasis:
  data: ''
  formatted_row: ''
StartDate:
  data: ''
  formatted_row: ''
NotionalAmount:
  data: ''
  formatted_row: ''

FloatLegCurrency:
  data: ''
  formatted_row: ''
FloatLegIndex:
  data: SOFR
  formatted_row: '1: Sell 10y {FloatLegIndex} swap at 3.45%'
FloatLegSpread:
  data: ''
  formatted_row: ''
FloatLegFrequency:
  data: ''
  formatted_row: ''
FloatLegDaycountBasis:
  data: ''
  formatted_row: ''
FixedLegCurrency:
  data: ''
  formatted_row: ''
FixedLegFixedRate:
  data: '3.45'
  formatted_row: '1: Sell 10y SOFR swap at {FixedLegFixedRate}%'
FixedLegFrequency:
  data: ''
  formatted_row: ''
FixedLegDaycountBasis:
  data: ''
  formatted_row: ''
StartDate:
  data: ''
  formatted_row: ''
NotionalAmount:
  data: ''
  formatted_row: ''

FloatLegCurrency:
  data: ''
  formatted_row: ''
FloatLegIndex:
  data: SOFR
  formatted_row: '1: Sell 10y {FloatLegIndex} swap at 3.45%'
FloatLegSpread:
  data: ''
  formatted_row: ''
FloatLegFrequency:
  data: ''
  formatted_row: ''
FloatLegDaycountBasis:
  data: ''
  formatted_row: ''
FixedLegCurrency:
  data: ''
  formatted_row: ''
FixedLegFixedRate:
  data: '3.45'
  formatted_row: '1: Sell 10y SOFR swap at {FixedLegFixedRate}%'
FixedLegFrequency:
  data: ''
  formatted_row: ''
FixedLegDaycountBasis:
  data: ''
  formatted_row: ''
StartDate:
  data: ''
  formatted_row: ''
NotionalAmount:
  data: ''
  formatted_row: ''

