{
  "pay_freq": "6m"
}
{
  "pay_freq": "6m"
}
{
  "pay_freq": "6m"
}
{
  "pay_freq": "6m"
}
{
  "pay_freq": "6m"
}
{
  "pay_freq": "6m"
}
{
  "pay_freq": "6m"
}
{
  "pay_freq": "6m"
}
{
  "pay_freq": "6m"
}
{
  "pay_freq": "6m"
}
{
  "pay_freq": "6m"
}
{
  "pay_freq": "6m"
}
{
  "pay_freq": "6m"
}
{
  "pay_freq": "6m"
}
{
  "pay_freq": "6m"
}
{
  "pay_freq": "6m"
}
{
  "pay_freq": "6m"
}
{
  "pay_freq": "6m"
}
{
  "pay_freq": "6m"
}
{
  "pay_freq": "6m"
}
{
  "pay_freq": "6m"
}
{
  "pay_freq": "6m"
}
{
  "pay_freq": "6m"
}
{
  "pay_freq": "6m"
}
{
  "pay_freq": "6m"
}
{
  "pay_freq": "6m"
}
{
  "pay_freq": "6m"
}
{
  "pay_freq": "6m"
}
{
  "pay_freq": "6m"
}
{
  "pay_freq": "6m"
}
{
  "pay_freq": "6m"
}
{
  "pay_freq": "6m"
}
{
  "pay_freq": "6m"
}
{
  "pay_freq": "6m"
}
{
  "pay_freq": "6m"
}
{
  "pay_freq": "6m"
}
{
  "pay_freq": "6m"
}
{
  "pay_freq": "6m"
}
{
  "pay_freq": "6m"
}
{
  "pay_freq": "6m"
}
{
  "pay_freq": "6m"
}
{
  "pay_freq": "6m"
}
{
  "pay_freq": "6m"
}
{
  "pay_freq": "6m"
}
{
  "pay_freq": "6m"
}
{
  "pay_freq": "6m"
}
{
  "pay_freq": "6m"
}
{
  "pay_freq": "6m"
}
{
  "pay_freq": "6m"
}
{
  "pay_freq": "6m"
}
{
  "pay_freq": "1m"
}
{
  "pay_freq": "1m"
}
{
  "pay_freq": "1m"
}
{
  "pay_freq": "1m"
}
{
  "pay_freq": "1m"
}
{
  "pay_freq": "1m"
}
{
  "pay_freq": "1m"
}
{
  "pay_freq": "1m"
}
{
  "pay_freq": "1m"
}
{
  "pay_freq": "1m"
}
{
  "pay_freq": "1m"
}
{
  "pay_freq": "1m"
}
{
  "pay_freq": "1m"
}
{
  "pay_freq": "1m"
}
{
  "pay_freq": "1m"
}
{
  "pay_freq": "1m"
}
{
  "pay_freq": "1m"
}
{
  "pay_freq": "1m"
}
{
  "pay_freq": "1m"
}
{
  "pay_freq": "1m"
}
{
  "pay_freq": "1m"
}
{
  "pay_freq": "1m"
}
{
  "pay_freq": "1m"
}
{
  "pay_freq": "1m"
}
{
  "pay_freq": "1m"
}
{
  "pay_freq": "1m"
}
{
  "pay_freq": "1m"
}
{
  "pay_freq": "1m"
}
{
  "pay_freq": "1m"
}
{
  "pay_freq": "1m"
}
{
  "pay_freq": "1m"
}
{
  "pay_freq": "1m"
}
{
  "pay_freq": "1m"
}
{
  "pay_freq": "1m"
}
{
  "pay_freq": "1m"
}
{
  "pay_freq": "1m"
}
{
    "pay_freq": "1m"
}
{
  "pay_freq": "1m"
}
{
  "pay_freq": "1m"
}
{
  "pay_freq": "1m"
}
{
  "pay_freq": "1m"
}
{
  "pay_freq": "1m"
}
{
  "pay_freq": "1m"
}
{
  "pay_freq": "1m"
}
{
  "pay_freq": "1m"
}
{
  "pay_freq": "1m"
}
{
  "pay_freq": "1m"
}
{
  "pay_freq": "1m"
}
{
  "pay_freq": "1m"
}
{
  "pay_freq": "1m"
}
{
    "pay_freq": "12m"
}
{
  "pay_freq": "12m"
}
{
  "pay_freq": "12m"
}
{
  "pay_freq": "12m"
}
{
  "pay_freq": "12m"
}
{
  "pay_freq": "12m"
}
{
  "pay_freq": "12m"
}
{
  "pay_freq": "12m"
}
{
  "pay_freq": "12m"
}
{
  "pay_freq": "12m"
}
{
  "pay_freq": "12m"
}
{
  "pay_freq": "12m"
}
{
  "pay_freq": "12m"
}
{
  "pay_freq": "12m"
}
{
  "pay_freq": "12m"
}
{
  "pay_freq": "12m"
}
{
  "pay_freq": "12m"
}
{
  "pay_freq": "12m"
}
{
  "pay_freq": "12m"
}
{
    "pay_freq": "12m"
}
{
  "pay_freq": "12m"
}
{
  "pay_freq": "12m"
}
{
  "pay_freq": "12m"
}
{
  "pay_freq": "12m"
}
{
  "pay_freq": "12m"
}
{
  "pay_freq": "12m"
}
{
    "pay_freq": "12m"
}
{
  "pay_freq": "12m"
}
{
  "pay_freq": "12m"
}
{
  "pay_freq": "12m"
}
{
  "pay_freq": "12m"
}
{
  "pay_freq": "12m"
}
{
  "pay_freq": "12m"
}
{
  "pay_freq": "12m"
}
{
    "pay_freq": "12m"
}
{
  "pay_freq": "12m"
}
{
  "pay_freq": "12m"
}
{
  "pay_freq": "12m"
}
{
  "pay_freq": "12m"
}
{
  "pay_freq": "12m"
}
{
  "pay_freq": "12m"
}
{
  "pay_freq": "12m"
}
{
  "pay_freq": "12m"
}
{
  "pay_freq": "12m"
}
{
  "pay_freq": "12m"
}
{
  "pay_freq": "12m"
}
{
  "pay_freq": "12m"
}
{
  "pay_freq": "12m"
}
{
    "pay_freq": "12m"
}
{
  "pay_freq": "12m"
}
