str_key: abc
int_key: 1
float_key: 1.23
bool_key: true
dict_key:
  nested_str_key: def
  nested_int_key: 2
str_list_key:
- abc
- def
int_list_key:
- 1
- 2

