_t: StubDataclassComposite
Module:
  ModuleName: stubs.cl.runtime.records.for_dataclasses.stub_dataclass_composite
Name: StubDataclassComposite
Label: Stub Dataclass Composite
Comment: Stub for a composite key that contains other key fields.
DisplayKind: Basic
Elements:
- Value:
    Type: String
  Name: Primitive
  Comment: String key element.
- _t: stubs.cl.runtime.records.for_dataclasses.stub_dataclass_record_key.StubDataclassRecordKey
  Key:
    Module:
      ModuleName: stubs.cl.runtime.records.for_dataclasses.stub_dataclass_record_key
    Name: StubDataclassRecordKey
  Name: Embedded1
  Comment: Embedded key 1.
- _t: stubs.cl.runtime.records.for_dataclasses.stub_dataclass_record_key.StubDataclassRecordKey
  Key:
    Module:
      ModuleName: stubs.cl.runtime.records.for_dataclasses.stub_dataclass_record_key
    Name: StubDataclassRecordKey
  Name: Embedded2
  Comment: Embedded key 2.
Keys:
- Primitive
- Embedded1
- Embedded2

